Archive member included to satisfy reference by file (symbol)

/usr/lib/gcc/arm-none-eabi/9.1.0/../../../../arm-none-eabi/lib/thumb/v6-m/nofp/libc_nano.a(lib_a-atexit.o)
                              /usr/lib/gcc/arm-none-eabi/9.1.0/../../../../arm-none-eabi/lib/thumb/v6-m/nofp/crt0.o (atexit)
/usr/lib/gcc/arm-none-eabi/9.1.0/../../../../arm-none-eabi/lib/thumb/v6-m/nofp/libc_nano.a(lib_a-exit.o)
                              /usr/lib/gcc/arm-none-eabi/9.1.0/../../../../arm-none-eabi/lib/thumb/v6-m/nofp/crt0.o (exit)
/usr/lib/gcc/arm-none-eabi/9.1.0/../../../../arm-none-eabi/lib/thumb/v6-m/nofp/libc_nano.a(lib_a-fini.o)
                              /usr/lib/gcc/arm-none-eabi/9.1.0/../../../../arm-none-eabi/lib/thumb/v6-m/nofp/crt0.o (__libc_fini_array)
/usr/lib/gcc/arm-none-eabi/9.1.0/../../../../arm-none-eabi/lib/thumb/v6-m/nofp/libc_nano.a(lib_a-impure.o)
                              /usr/lib/gcc/arm-none-eabi/9.1.0/../../../../arm-none-eabi/lib/thumb/v6-m/nofp/libc_nano.a(lib_a-exit.o) (_global_impure_ptr)
/usr/lib/gcc/arm-none-eabi/9.1.0/../../../../arm-none-eabi/lib/thumb/v6-m/nofp/libc_nano.a(lib_a-init.o)
                              /usr/lib/gcc/arm-none-eabi/9.1.0/../../../../arm-none-eabi/lib/thumb/v6-m/nofp/crt0.o (__libc_init_array)
/usr/lib/gcc/arm-none-eabi/9.1.0/../../../../arm-none-eabi/lib/thumb/v6-m/nofp/libc_nano.a(lib_a-memset.o)
                              /usr/lib/gcc/arm-none-eabi/9.1.0/../../../../arm-none-eabi/lib/thumb/v6-m/nofp/crt0.o (memset)
/usr/lib/gcc/arm-none-eabi/9.1.0/../../../../arm-none-eabi/lib/thumb/v6-m/nofp/libc_nano.a(lib_a-__atexit.o)
                              /usr/lib/gcc/arm-none-eabi/9.1.0/../../../../arm-none-eabi/lib/thumb/v6-m/nofp/libc_nano.a(lib_a-atexit.o) (__register_exitproc)
/usr/lib/gcc/arm-none-eabi/9.1.0/../../../../arm-none-eabi/lib/thumb/v6-m/nofp/libc_nano.a(lib_a-__call_atexit.o)
                              /usr/lib/gcc/arm-none-eabi/9.1.0/../../../../arm-none-eabi/lib/thumb/v6-m/nofp/libc_nano.a(lib_a-__atexit.o) (__call_exitprocs)
/usr/lib/gcc/arm-none-eabi/9.1.0/../../../../arm-none-eabi/lib/thumb/v6-m/nofp/libnosys.a(_exit.o)
                              /usr/lib/gcc/arm-none-eabi/9.1.0/../../../../arm-none-eabi/lib/thumb/v6-m/nofp/libc_nano.a(lib_a-exit.o) (_exit)
/usr/lib/gcc/arm-none-eabi/9.1.0/thumb/v6-m/nofp/libgcc.a(_udivsi3.o)
                              build/stm32f0xx_hal_timebase_tim.o (__aeabi_uidiv)
/usr/lib/gcc/arm-none-eabi/9.1.0/thumb/v6-m/nofp/libgcc.a(_dvmd_tls.o)
                              /usr/lib/gcc/arm-none-eabi/9.1.0/thumb/v6-m/nofp/libgcc.a(_udivsi3.o) (__aeabi_idiv0)

Allocating common symbols
Common symbol       size              file

hUsbDeviceFS        0x224             build/usb_device.o
uwTick              0x4               build/stm32f0xx_hal.o
pFlash              0x20              build/stm32f0xx_hal_flash.o
htim1               0x40              build/stm32f0xx_hal_timebase_tim.o
hpcd_USB_FS         0x220             build/usbd_conf.o
USBD_StrDesc        0x200             build/usbd_desc.o

Discarded input sections

 .text          0x0000000000000000        0x0 /usr/lib/gcc/arm-none-eabi/9.1.0/thumb/v6-m/nofp/crti.o
 .data          0x0000000000000000        0x0 /usr/lib/gcc/arm-none-eabi/9.1.0/thumb/v6-m/nofp/crti.o
 .bss           0x0000000000000000        0x0 /usr/lib/gcc/arm-none-eabi/9.1.0/thumb/v6-m/nofp/crti.o
 .text          0x0000000000000000        0x0 /usr/lib/gcc/arm-none-eabi/9.1.0/thumb/v6-m/nofp/crtbegin.o
 .data          0x0000000000000000        0x0 /usr/lib/gcc/arm-none-eabi/9.1.0/thumb/v6-m/nofp/crtbegin.o
 .bss           0x0000000000000000        0x0 /usr/lib/gcc/arm-none-eabi/9.1.0/thumb/v6-m/nofp/crtbegin.o
 .data.__dso_handle
                0x0000000000000000        0x4 /usr/lib/gcc/arm-none-eabi/9.1.0/thumb/v6-m/nofp/crtbegin.o
 .text          0x0000000000000000       0x6c /usr/lib/gcc/arm-none-eabi/9.1.0/../../../../arm-none-eabi/lib/thumb/v6-m/nofp/crt0.o
 .data          0x0000000000000000        0x0 /usr/lib/gcc/arm-none-eabi/9.1.0/../../../../arm-none-eabi/lib/thumb/v6-m/nofp/crt0.o
 .bss           0x0000000000000000        0x0 /usr/lib/gcc/arm-none-eabi/9.1.0/../../../../arm-none-eabi/lib/thumb/v6-m/nofp/crt0.o
 .ARM.extab     0x0000000000000000        0x0 /usr/lib/gcc/arm-none-eabi/9.1.0/../../../../arm-none-eabi/lib/thumb/v6-m/nofp/crt0.o
 .ARM.exidx     0x0000000000000000        0x8 /usr/lib/gcc/arm-none-eabi/9.1.0/../../../../arm-none-eabi/lib/thumb/v6-m/nofp/crt0.o
 .ARM.attributes
                0x0000000000000000       0x1b /usr/lib/gcc/arm-none-eabi/9.1.0/../../../../arm-none-eabi/lib/thumb/v6-m/nofp/crt0.o
 .text          0x0000000000000000        0x0 build/main.o
 .data          0x0000000000000000        0x0 build/main.o
 .bss           0x0000000000000000        0x0 build/main.o
 .text          0x0000000000000000        0x0 build/usb_device.o
 .data          0x0000000000000000        0x0 build/usb_device.o
[...]
Memory Configuration

Name             Origin             Length             Attributes
RAM              0x0000000020000000 0x0000000000001800 xrw
FLASH            0x0000000008000000 0x0000000000008000 xr
*default*        0x0000000000000000 0xffffffffffffffff

Linker script and memory map

LOAD /usr/lib/gcc/arm-none-eabi/9.1.0/thumb/v6-m/nofp/crti.o
LOAD /usr/lib/gcc/arm-none-eabi/9.1.0/thumb/v6-m/nofp/crtbegin.o
LOAD /usr/lib/gcc/arm-none-eabi/9.1.0/../../../../arm-none-eabi/lib/thumb/v6-m/nofp/crt0.o
LOAD build/main.o
LOAD build/usb_device.o
LOAD build/usbd_conf.o
LOAD build/usbd_desc.o
LOAD build/stm32f0xx_it.o
LOAD build/stm32f0xx_hal_msp.o
LOAD build/stm32f0xx_hal_timebase_tim.o
LOAD build/stm32f0xx_hal_pcd.o
LOAD build/stm32f0xx_hal_pcd_ex.o
LOAD build/stm32f0xx_hal_tim.o
LOAD build/stm32f0xx_hal_tim_ex.o
LOAD build/stm32f0xx_hal_rcc.o
LOAD build/stm32f0xx_hal_rcc_ex.o
LOAD build/stm32f0xx_hal.o
LOAD build/stm32f0xx_hal_i2c.o
LOAD build/stm32f0xx_hal_i2c_ex.o
LOAD build/stm32f0xx_hal_gpio.o
LOAD build/stm32f0xx_hal_dma.o
LOAD build/stm32f0xx_hal_cortex.o
LOAD build/stm32f0xx_hal_pwr.o
LOAD build/stm32f0xx_hal_pwr_ex.o
LOAD build/stm32f0xx_hal_flash.o
LOAD build/stm32f0xx_hal_flash_ex.o
LOAD build/system_stm32f0xx.o
LOAD build/usbd_core.o
LOAD build/usbd_ctlreq.o
LOAD build/usbd_ioreq.o
LOAD build/usbd_hid.o
LOAD build/startup_stm32f042x6.o
LOAD /usr/lib/gcc/arm-none-eabi/9.1.0/../../../../arm-none-eabi/lib/thumb/v6-m/nofp/libc_nano.a
LOAD /usr/lib/gcc/arm-none-eabi/9.1.0/../../../../arm-none-eabi/lib/thumb/v6-m/nofp/libm.a
LOAD /usr/lib/gcc/arm-none-eabi/9.1.0/../../../../arm-none-eabi/lib/thumb/v6-m/nofp/libnosys.a
START GROUP
LOAD /usr/lib/gcc/arm-none-eabi/9.1.0/thumb/v6-m/nofp/libgcc.a
LOAD /usr/lib/gcc/arm-none-eabi/9.1.0/../../../../arm-none-eabi/lib/thumb/v6-m/nofp/libc_nano.a
END GROUP
START GROUP
LOAD /usr/lib/gcc/arm-none-eabi/9.1.0/thumb/v6-m/nofp/libgcc.a
LOAD /usr/lib/gcc/arm-none-eabi/9.1.0/../../../../arm-none-eabi/lib/thumb/v6-m/nofp/libc_nano.a
END GROUP
LOAD /usr/lib/gcc/arm-none-eabi/9.1.0/thumb/v6-m/nofp/crtend.o
LOAD /usr/lib/gcc/arm-none-eabi/9.1.0/thumb/v6-m/nofp/crtn.o
                0x0000000020001800                _estack = 0x20001800
                0x0000000000000200                _Min_Heap_Size = 0x200
                0x0000000000000400                _Min_Stack_Size = 0x400

.isr_vector     0x0000000008000000       0xc0
                0x0000000008000000                . = ALIGN (0x4)
 *(.isr_vector)
 .isr_vector    0x0000000008000000       0xc0 build/startup_stm32f042x6.o
                0x0000000008000000                g_pfnVectors
                0x00000000080000c0                . = ALIGN (0x4)

.text           0x00000000080000c0     0x3188
                0x00000000080000c0                . = ALIGN (0x4)
 *(.text)
 .text          0x00000000080000c0       0x8c /usr/lib/gcc/arm-none-eabi/9.1.0/thumb/v6-m/nofp/libgcc.a(_udivsi3.o)
                0x00000000080000c0                __udivsi3
                0x00000000080000c0                __aeabi_uidiv
                0x0000000008000138                __aeabi_uidivmod
 .text          0x000000000800014c        0x4 /usr/lib/gcc/arm-none-eabi/9.1.0/thumb/v6-m/nofp/libgcc.a(_dvmd_tls.o)
                0x000000000800014c                __aeabi_ldiv0
                0x000000000800014c                __aeabi_idiv0
 *(.text*)
 .text.__do_global_dtors_aux
                0x0000000008000150       0x28 /usr/lib/gcc/arm-none-eabi/9.1.0/thumb/v6-m/nofp/crtbegin.o
 .text.frame_dummy
                0x0000000008000178       0x20 /usr/lib/gcc/arm-none-eabi/9.1.0/thumb/v6-m/nofp/crtbegin.o
 .text.MX_GPIO_Init
                0x0000000008000198       0x78 build/main.o
 .text.SystemClock_Config
                0x0000000008000210       0x58 build/main.o
                0x0000000008000210                SystemClock_Config
 .text.main     0x0000000008000268       0x48 build/main.o
                0x0000000008000268                main
 .text.HAL_TIM_PeriodElapsedCallback
                0x00000000080002b0       0x18 build/main.o
                0x00000000080002b0                HAL_TIM_PeriodElapsedCallback
 .text.Error_Handler
                0x00000000080002c8        0x2 build/main.o
                0x00000000080002c8                Error_Handler
 *fill*         0x00000000080002ca        0x2 
 .text.MX_USB_DEVICE_Init
                0x00000000080002cc       0x48 build/usb_device.o
                0x00000000080002cc                MX_USB_DEVICE_Init
 .text.USBD_Get_USB_Status
                0x0000000008000314       0x16 build/usbd_conf.o
 .text.SystemClockConfig_Resume
                0x000000000800032a        0x8 build/usbd_conf.o
 *fill*         0x0000000008000332        0x2 
 .text.HAL_PCD_MspInit
                0x0000000008000334       0x40 build/usbd_conf.o
                0x0000000008000334                HAL_PCD_MspInit
 .text.HAL_PCD_SetupStageCallback
                0x0000000008000374       0x14 build/usbd_conf.o
                0x0000000008000374                HAL_PCD_SetupStageCallback
 .text.HAL_PCD_DataOutStageCallback
                0x0000000008000388       0x1e build/usbd_conf.o
                0x0000000008000388                HAL_PCD_DataOutStageCallback
 .text.HAL_PCD_DataInStageCallback
                0x00000000080003a6       0x1a build/usbd_conf.o
                0x00000000080003a6                HAL_PCD_DataInStageCallback
 .text.HAL_PCD_SOFCallback
                0x00000000080003c0        0xe build/usbd_conf.o
                0x00000000080003c0                HAL_PCD_SOFCallback
 .text.HAL_PCD_ResetCallback
                0x00000000080003ce       0x24 build/usbd_conf.o
                0x00000000080003ce                HAL_PCD_ResetCallback
 *fill*         0x00000000080003f2        0x2 
 .text.HAL_PCD_SuspendCallback
                0x00000000080003f4       0x24 build/usbd_conf.o
                0x00000000080003f4                HAL_PCD_SuspendCallback
 .text.HAL_PCD_ResumeCallback
                0x0000000008000418       0x2c build/usbd_conf.o
                0x0000000008000418                HAL_PCD_ResumeCallback
 .text.USBD_LL_Init
                0x0000000008000444       0x6c build/usbd_conf.o
                0x0000000008000444                USBD_LL_Init
 .text.USBD_LL_Start
                0x00000000080004b0       0x12 build/usbd_conf.o
                0x00000000080004b0                USBD_LL_Start
 .text.USBD_LL_OpenEP
                0x00000000080004c2       0x18 build/usbd_conf.o
                0x00000000080004c2                USBD_LL_OpenEP
 .text.USBD_LL_CloseEP
                0x00000000080004da       0x12 build/usbd_conf.o
                0x00000000080004da                USBD_LL_CloseEP
 .text.USBD_LL_StallEP
                0x00000000080004ec       0x12 build/usbd_conf.o
                0x00000000080004ec                USBD_LL_StallEP
 .text.USBD_LL_ClearStallEP
                0x00000000080004fe       0x12 build/usbd_conf.o
                0x00000000080004fe                USBD_LL_ClearStallEP
 .text.USBD_LL_IsStallEP
                0x0000000008000510       0x32 build/usbd_conf.o
                0x0000000008000510                USBD_LL_IsStallEP
 .text.USBD_LL_SetUSBAddress
                0x0000000008000542       0x12 build/usbd_conf.o
                0x0000000008000542                USBD_LL_SetUSBAddress
 .text.USBD_LL_Transmit
                0x0000000008000554       0x12 build/usbd_conf.o
                0x0000000008000554                USBD_LL_Transmit
 .text.USBD_LL_PrepareReceive
                0x0000000008000566       0x12 build/usbd_conf.o
                0x0000000008000566                USBD_LL_PrepareReceive
 .text.USBD_static_malloc
                0x0000000008000578        0x8 build/usbd_conf.o
                0x0000000008000578                USBD_static_malloc
 .text.USBD_static_free
                0x0000000008000580        0x2 build/usbd_conf.o
                0x0000000008000580                USBD_static_free
 *fill*         0x0000000008000582        0x2 
 .text.USBD_FS_DeviceDescriptor
                0x0000000008000584        0xc build/usbd_desc.o
                0x0000000008000584                USBD_FS_DeviceDescriptor
 .text.USBD_FS_LangIDStrDescriptor
                0x0000000008000590        0xc build/usbd_desc.o
                0x0000000008000590                USBD_FS_LangIDStrDescriptor
 .text.IntToUnicode
                0x000000000800059c       0x30 build/usbd_desc.o
 .text.Get_SerialNum
                0x00000000080005cc       0x40 build/usbd_desc.o
 .text.USBD_FS_SerialStrDescriptor
                0x000000000800060c       0x14 build/usbd_desc.o
                0x000000000800060c                USBD_FS_SerialStrDescriptor
 .text.USBD_FS_ProductStrDescriptor
                0x0000000008000620       0x28 build/usbd_desc.o
                0x0000000008000620                USBD_FS_ProductStrDescriptor
 .text.USBD_FS_ManufacturerStrDescriptor
                0x0000000008000648       0x1c build/usbd_desc.o
                0x0000000008000648                USBD_FS_ManufacturerStrDescriptor
 .text.USBD_FS_ConfigStrDescriptor
                0x0000000008000664       0x28 build/usbd_desc.o
                0x0000000008000664                USBD_FS_ConfigStrDescriptor
 .text.USBD_FS_InterfaceStrDescriptor
                0x000000000800068c       0x28 build/usbd_desc.o
                0x000000000800068c                USBD_FS_InterfaceStrDescriptor
 .text.NMI_Handler
                0x00000000080006b4        0x2 build/stm32f0xx_it.o
                0x00000000080006b4                NMI_Handler
 .text.HardFault_Handler
                0x00000000080006b6        0x2 build/stm32f0xx_it.o
                0x00000000080006b6                HardFault_Handler
 .text.SVC_Handler
                0x00000000080006b8        0x2 build/stm32f0xx_it.o
                0x00000000080006b8                SVC_Handler
 .text.PendSV_Handler
                0x00000000080006ba        0x2 build/stm32f0xx_it.o
                0x00000000080006ba                PendSV_Handler
 .text.TIM1_BRK_UP_TRG_COM_IRQHandler
                0x00000000080006bc       0x10 build/stm32f0xx_it.o
                0x00000000080006bc                TIM1_BRK_UP_TRG_COM_IRQHandler
 .text.USB_IRQHandler
                0x00000000080006cc       0x10 build/stm32f0xx_it.o
                0x00000000080006cc                USB_IRQHandler
 .text.HAL_MspInit
                0x00000000080006dc       0x3c build/stm32f0xx_hal_msp.o
                0x00000000080006dc                HAL_MspInit
 .text.HAL_InitTick
                0x0000000008000718       0x78 build/stm32f0xx_hal_timebase_tim.o
                0x0000000008000718                HAL_InitTick
 .text.HAL_PCD_Init
                0x0000000008000790       0xc0 build/stm32f0xx_hal_pcd.o
                0x0000000008000790                HAL_PCD_Init
 .text.HAL_PCD_Start
                0x0000000008000850       0x18 build/stm32f0xx_hal_pcd.o
                0x0000000008000850                HAL_PCD_Start
 .text.HAL_PCD_SetAddress
                0x0000000008000868       0x36 build/stm32f0xx_hal_pcd.o
                0x0000000008000868                HAL_PCD_SetAddress
 *fill*         0x000000000800089e        0x2 
 .text.HAL_PCD_EP_Open
                0x00000000080008a0      0x314 build/stm32f0xx_hal_pcd.o
                0x00000000080008a0                HAL_PCD_EP_Open
 .text.HAL_PCD_EP_Close
                0x0000000008000bb4      0x1a4 build/stm32f0xx_hal_pcd.o
                0x0000000008000bb4                HAL_PCD_EP_Close
 .text.HAL_PCD_EP_Receive
                0x0000000008000d58      0x20c build/stm32f0xx_hal_pcd.o
                0x0000000008000d58                HAL_PCD_EP_Receive
 .text.HAL_PCD_EP_SetStall
                0x0000000008000f64       0xb4 build/stm32f0xx_hal_pcd.o
                0x0000000008000f64                HAL_PCD_EP_SetStall
 .text.HAL_PCD_EP_ClrStall
                0x0000000008001018       0xd4 build/stm32f0xx_hal_pcd.o
                0x0000000008001018                HAL_PCD_EP_ClrStall
 .text.PCD_WritePMA
                0x00000000080010ec       0x28 build/stm32f0xx_hal_pcd.o
                0x00000000080010ec                PCD_WritePMA
 .text.HAL_PCD_EP_Transmit
                0x0000000008001114      0x214 build/stm32f0xx_hal_pcd.o
                0x0000000008001114                HAL_PCD_EP_Transmit
 .text.PCD_ReadPMA
                0x0000000008001328       0x2c build/stm32f0xx_hal_pcd.o
                0x0000000008001328                PCD_ReadPMA
 .text.PCD_EP_ISR_Handler
                0x0000000008001354      0x4bc build/stm32f0xx_hal_pcd.o
 .text.HAL_PCD_IRQHandler
                0x0000000008001810      0x11c build/stm32f0xx_hal_pcd.o
                0x0000000008001810                HAL_PCD_IRQHandler
 .text.HAL_PCDEx_PMAConfig
                0x000000000800192c       0x3a build/stm32f0xx_hal_pcd_ex.o
                0x000000000800192c                HAL_PCDEx_PMAConfig
 .text.HAL_TIM_Base_MspInit
                0x0000000008001966        0x2 build/stm32f0xx_hal_tim.o
                0x0000000008001966                HAL_TIM_Base_MspInit
 .text.HAL_TIM_Base_Start_IT
                0x0000000008001968       0x16 build/stm32f0xx_hal_tim.o
                0x0000000008001968                HAL_TIM_Base_Start_IT
 .text.HAL_TIM_OC_DelayElapsedCallback
                0x000000000800197e        0x2 build/stm32f0xx_hal_tim.o
                0x000000000800197e                HAL_TIM_OC_DelayElapsedCallback
 .text.HAL_TIM_IC_CaptureCallback
                0x0000000008001980        0x2 build/stm32f0xx_hal_tim.o
                0x0000000008001980                HAL_TIM_IC_CaptureCallback
 .text.HAL_TIM_PWM_PulseFinishedCallback
                0x0000000008001982        0x2 build/stm32f0xx_hal_tim.o
                0x0000000008001982                HAL_TIM_PWM_PulseFinishedCallback
 .text.HAL_TIM_TriggerCallback
                0x0000000008001984        0x2 build/stm32f0xx_hal_tim.o
                0x0000000008001984                HAL_TIM_TriggerCallback
 .text.HAL_TIM_IRQHandler
                0x0000000008001986      0x15a build/stm32f0xx_hal_tim.o
                0x0000000008001986                HAL_TIM_IRQHandler
 .text.TIM_Base_SetConfig
                0x0000000008001ae0       0x94 build/stm32f0xx_hal_tim.o
                0x0000000008001ae0                TIM_Base_SetConfig
 .text.HAL_TIM_Base_Init
                0x0000000008001b74       0x34 build/stm32f0xx_hal_tim.o
                0x0000000008001b74                HAL_TIM_Base_Init
 .text.HAL_TIMEx_CommutationCallback
                0x0000000008001ba8        0x2 build/stm32f0xx_hal_tim_ex.o
                0x0000000008001ba8                HAL_TIMEx_CommutationCallback
 .text.HAL_TIMEx_BreakCallback
                0x0000000008001baa        0x2 build/stm32f0xx_hal_tim_ex.o
                0x0000000008001baa                HAL_TIMEx_BreakCallback
 .text.HAL_RCC_OscConfig
                0x0000000008001bac      0x4fc build/stm32f0xx_hal_rcc.o
                0x0000000008001bac                HAL_RCC_OscConfig
 .text.HAL_RCC_GetSysClockFreq
                0x00000000080020a8       0x94 build/stm32f0xx_hal_rcc.o
                0x00000000080020a8                HAL_RCC_GetSysClockFreq
 .text.HAL_RCC_ClockConfig
                0x000000000800213c      0x188 build/stm32f0xx_hal_rcc.o
                0x000000000800213c                HAL_RCC_ClockConfig
 .text.HAL_RCC_GetHCLKFreq
                0x00000000080022c4        0xc build/stm32f0xx_hal_rcc.o
                0x00000000080022c4                HAL_RCC_GetHCLKFreq
 .text.HAL_RCC_GetPCLK1Freq
                0x00000000080022d0       0x20 build/stm32f0xx_hal_rcc.o
                0x00000000080022d0                HAL_RCC_GetPCLK1Freq
 .text.HAL_RCC_GetClockConfig
                0x00000000080022f0       0x38 build/stm32f0xx_hal_rcc.o
                0x00000000080022f0                HAL_RCC_GetClockConfig
 .text.HAL_RCCEx_PeriphCLKConfig
                0x0000000008002328      0x144 build/stm32f0xx_hal_rcc_ex.o
                0x0000000008002328                HAL_RCCEx_PeriphCLKConfig
 .text.HAL_Init
                0x000000000800246c       0x20 build/stm32f0xx_hal.o
                0x000000000800246c                HAL_Init
 .text.HAL_IncTick
                0x000000000800248c       0x10 build/stm32f0xx_hal.o
                0x000000000800248c                HAL_IncTick
 .text.HAL_GetTick
                0x000000000800249c        0xc build/stm32f0xx_hal.o
                0x000000000800249c                HAL_GetTick
 .text.HAL_Delay
                0x00000000080024a8       0x22 build/stm32f0xx_hal.o
                0x00000000080024a8                HAL_Delay
 *fill*         0x00000000080024ca        0x2 
 .text.HAL_GPIO_Init
                0x00000000080024cc      0x1a0 build/stm32f0xx_hal_gpio.o
                0x00000000080024cc                HAL_GPIO_Init
 .text.HAL_GPIO_WritePin
                0x000000000800266c        0xc build/stm32f0xx_hal_gpio.o
                0x000000000800266c                HAL_GPIO_WritePin
 .text.HAL_NVIC_SetPriority
                0x0000000008002678       0x60 build/stm32f0xx_hal_cortex.o
                0x0000000008002678                HAL_NVIC_SetPriority
 .text.HAL_NVIC_EnableIRQ
                0x00000000080026d8       0x14 build/stm32f0xx_hal_cortex.o
                0x00000000080026d8                HAL_NVIC_EnableIRQ
 .text.SystemInit
                0x00000000080026ec       0x60 build/system_stm32f0xx.o
                0x00000000080026ec                SystemInit
 .text.USBD_Init
                0x000000000800274c       0x38 build/usbd_core.o
                0x000000000800274c                USBD_Init
 .text.USBD_RegisterClass
                0x0000000008002784       0x12 build/usbd_core.o
                0x0000000008002784                USBD_RegisterClass
 .text.USBD_Start
                0x0000000008002796        0xa build/usbd_core.o
                0x0000000008002796                USBD_Start
 .text.USBD_SetClassConfig
                0x00000000080027a0       0x1e build/usbd_core.o
                0x00000000080027a0                USBD_SetClassConfig
 .text.USBD_ClrClassConfig
                0x00000000080027be       0x10 build/usbd_core.o
                0x00000000080027be                USBD_ClrClassConfig
 *fill*         0x00000000080027ce        0x2 
 .text.USBD_LL_SetupStage
                0x00000000080027d0       0x68 build/usbd_core.o
                0x00000000080027d0                USBD_LL_SetupStage
 .text.USBD_LL_DataOutStage
                0x0000000008002838       0x7a build/usbd_core.o
                0x0000000008002838                USBD_LL_DataOutStage
 .text.USBD_LL_DataInStage
                0x00000000080028b2       0xc4 build/usbd_core.o
                0x00000000080028b2                USBD_LL_DataInStage
 .text.USBD_LL_Reset
                0x0000000008002976       0x46 build/usbd_core.o
                0x0000000008002976                USBD_LL_Reset
 .text.USBD_LL_SetSpeed
                0x00000000080029bc        0x6 build/usbd_core.o
                0x00000000080029bc                USBD_LL_SetSpeed
 .text.USBD_LL_Suspend
                0x00000000080029c2       0x16 build/usbd_core.o
                0x00000000080029c2                USBD_LL_Suspend
 .text.USBD_LL_Resume
                0x00000000080029d8        0xe build/usbd_core.o
                0x00000000080029d8                USBD_LL_Resume
 .text.USBD_LL_SOF
                0x00000000080029e6       0x20 build/usbd_core.o
                0x00000000080029e6                USBD_LL_SOF
 .text.USBD_GetLen
                0x0000000008002a06       0x14 build/usbd_ctlreq.o
 .text.USBD_SetFeature
                0x0000000008002a1a       0x24 build/usbd_ctlreq.o
 .text.USBD_ParseSetupRequest
                0x0000000008002a3e       0x28 build/usbd_ctlreq.o
                0x0000000008002a3e                USBD_ParseSetupRequest
 .text.USBD_CtlError
                0x0000000008002a66       0x14 build/usbd_ctlreq.o
                0x0000000008002a66                USBD_CtlError
 *fill*         0x0000000008002a7a        0x2 
 .text.USBD_GetDescriptor
                0x0000000008002a7c      0x15c build/usbd_ctlreq.o
 .text.USBD_SetAddress
                0x0000000008002bd8       0x58 build/usbd_ctlreq.o
 .text.USBD_SetConfig
                0x0000000008002c30       0xb0 build/usbd_ctlreq.o
 .text.USBD_GetConfig
                0x0000000008002ce0       0x3c build/usbd_ctlreq.o
 .text.USBD_GetStatus
                0x0000000008002d1c       0x32 build/usbd_ctlreq.o
 .text.USBD_ClrFeature
                0x0000000008002d4e       0x34 build/usbd_ctlreq.o
 *fill*         0x0000000008002d82        0x2 
 .text.USBD_StdDevReq
                0x0000000008002d84       0x48 build/usbd_ctlreq.o
                0x0000000008002d84                USBD_StdDevReq
 .text.USBD_StdItfReq
                0x0000000008002dcc       0x3c build/usbd_ctlreq.o
                0x0000000008002dcc                USBD_StdItfReq
 .text.USBD_StdEPReq
                0x0000000008002e08      0x13e build/usbd_ctlreq.o
                0x0000000008002e08                USBD_StdEPReq
 .text.USBD_GetString
                0x0000000008002f46       0x3c build/usbd_ctlreq.o
                0x0000000008002f46                USBD_GetString
 .text.USBD_CtlSendData
                0x0000000008002f82       0x1c build/usbd_ioreq.o
                0x0000000008002f82                USBD_CtlSendData
 .text.USBD_CtlContinueSendData
                0x0000000008002f9e       0x10 build/usbd_ioreq.o
                0x0000000008002f9e                USBD_CtlContinueSendData
 .text.USBD_CtlContinueRx
                0x0000000008002fae       0x10 build/usbd_ioreq.o
                0x0000000008002fae                USBD_CtlContinueRx
 .text.USBD_CtlSendStatus
                0x0000000008002fbe       0x18 build/usbd_ioreq.o
                0x0000000008002fbe                USBD_CtlSendStatus
 .text.USBD_CtlReceiveStatus
                0x0000000008002fd6       0x18 build/usbd_ioreq.o
                0x0000000008002fd6                USBD_CtlReceiveStatus
 *fill*         0x0000000008002fee        0x2 
 .text.USBD_HID_GetCfgDesc
                0x0000000008002ff0        0xc build/usbd_hid.o
 .text.USBD_HID_DataIn
                0x0000000008002ffc        0xe build/usbd_hid.o
 *fill*         0x000000000800300a        0x2 
 .text.USBD_HID_GetDeviceQualifierDesc
                0x000000000800300c        0xc build/usbd_hid.o
 .text.USBD_HID_Setup
                0x0000000008003018       0xc4 build/usbd_hid.o
 .text.USBD_HID_DeInit
                0x00000000080030dc       0x24 build/usbd_hid.o
 .text.USBD_HID_Init
                0x0000000008003100       0x2a build/usbd_hid.o
 .text.USBD_HID_SendReport
                0x000000000800312a       0x2a build/usbd_hid.o
                0x000000000800312a                USBD_HID_SendReport
 .text.Reset_Handler
                0x0000000008003154       0x80 build/startup_stm32f042x6.o
                0x0000000008003154                Reset_Handler
 .text.Default_Handler
                0x00000000080031d4        0x2 build/startup_stm32f042x6.o
                0x00000000080031d4                TIM1_CC_IRQHandler
                0x00000000080031d4                TSC_IRQHandler
                0x00000000080031d4                SysTick_Handler
                0x00000000080031d4                I2C1_IRQHandler
                0x00000000080031d4                RCC_CRS_IRQHandler
                0x00000000080031d4                SPI1_IRQHandler
                0x00000000080031d4                EXTI2_3_IRQHandler
                0x00000000080031d4                ADC1_IRQHandler
                0x00000000080031d4                TIM17_IRQHandler
                0x00000000080031d4                CEC_CAN_IRQHandler
                0x00000000080031d4                RTC_IRQHandler
                0x00000000080031d4                PVD_VDDIO2_IRQHandler
                0x00000000080031d4                TIM16_IRQHandler
                0x00000000080031d4                TIM3_IRQHandler
                0x00000000080031d4                EXTI4_15_IRQHandler
                0x00000000080031d4                DMA1_Channel1_IRQHandler
                0x00000000080031d4                Default_Handler
                0x00000000080031d4                TIM14_IRQHandler
                0x00000000080031d4                DMA1_Channel4_5_IRQHandler
                0x00000000080031d4                EXTI0_1_IRQHandler
                0x00000000080031d4                SPI2_IRQHandler
                0x00000000080031d4                WWDG_IRQHandler
                0x00000000080031d4                TIM2_IRQHandler
                0x00000000080031d4                DMA1_Channel2_3_IRQHandler
                0x00000000080031d4                USART2_IRQHandler
                0x00000000080031d4                FLASH_IRQHandler
                0x00000000080031d4                USART1_IRQHandler
 *fill*         0x00000000080031d6        0x2 
 .text.__libc_init_array
                0x00000000080031d8       0x48 /usr/lib/gcc/arm-none-eabi/9.1.0/../../../../arm-none-eabi/lib/thumb/v6-m/nofp/libc_nano.a(lib_a-init.o)
                0x00000000080031d8                __libc_init_array
 .text.memset   0x0000000008003220       0x10 /usr/lib/gcc/arm-none-eabi/9.1.0/../../../../arm-none-eabi/lib/thumb/v6-m/nofp/libc_nano.a(lib_a-memset.o)
                0x0000000008003220                memset
 *(.glue_7)
 .glue_7        0x0000000008003230        0x0 linker stubs
 *(.glue_7t)
 .glue_7t       0x0000000008003230        0x0 linker stubs
 *(.eh_frame)
 .eh_frame      0x0000000008003230        0x0 /usr/lib/gcc/arm-none-eabi/9.1.0/thumb/v6-m/nofp/crtbegin.o
 *(.init)
 .init          0x0000000008003230        0x4 /usr/lib/gcc/arm-none-eabi/9.1.0/thumb/v6-m/nofp/crti.o
                0x0000000008003230                _init
 .init          0x0000000008003234        0x8 /usr/lib/gcc/arm-none-eabi/9.1.0/thumb/v6-m/nofp/crtn.o
 *(.fini)
 .fini          0x000000000800323c        0x4 /usr/lib/gcc/arm-none-eabi/9.1.0/thumb/v6-m/nofp/crti.o
                0x000000000800323c                _fini
 .fini          0x0000000008003240        0x8 /usr/lib/gcc/arm-none-eabi/9.1.0/thumb/v6-m/nofp/crtn.o
                0x0000000008003248                . = ALIGN (0x4)
                0x0000000008003248                _etext = .

.vfp11_veneer   0x0000000008003248        0x0
 .vfp11_veneer  0x0000000008003248        0x0 linker stubs

.v4_bx          0x0000000008003248        0x0
 .v4_bx         0x0000000008003248        0x0 linker stubs

.iplt           0x0000000008003248        0x0
 .iplt          0x0000000008003248        0x0 /usr/lib/gcc/arm-none-eabi/9.1.0/thumb/v6-m/nofp/crtbegin.o

.rodata         0x0000000008003248       0xe8
                0x0000000008003248                . = ALIGN (0x4)
 *(.rodata)
 *(.rodata*)
 .rodata.USBD_FS_ProductStrDescriptor.str1.4
                0x0000000008003248       0x16 build/usbd_desc.o
 *fill*         0x000000000800325e        0x2 
 .rodata.USBD_FS_ManufacturerStrDescriptor.str1.4
                0x0000000008003260       0x13 build/usbd_desc.o
 *fill*         0x0000000008003273        0x1 
 .rodata.USBD_FS_ConfigStrDescriptor.str1.4
                0x0000000008003274        0xb build/usbd_desc.o
 *fill*         0x000000000800327f        0x1 
 .rodata.USBD_FS_InterfaceStrDescriptor.str1.4
                0x0000000008003280        0xe build/usbd_desc.o
 *fill*         0x000000000800328e        0x2 
 .rodata.HAL_RCC_GetSysClockFreq.str1.4
                0x0000000008003290       0x28 build/stm32f0xx_hal_rcc.o
                                         0x25 (size before relaxing)
 .rodata.AHBPrescTable
                0x00000000080032b8       0x10 build/system_stm32f0xx.o
                0x00000000080032b8                AHBPrescTable
 .rodata.APBPrescTable
                0x00000000080032c8        0x8 build/system_stm32f0xx.o
                0x00000000080032c8                APBPrescTable
 .rodata.USBD_GetDescriptor
                0x00000000080032d0       0x38 build/usbd_ctlreq.o
 .rodata.USBD_StdDevReq
                0x0000000008003308       0x28 build/usbd_ctlreq.o
                0x0000000008003330                . = ALIGN (0x4)

.rel.dyn        0x0000000008003330        0x0
 .rel.iplt      0x0000000008003330        0x0 /usr/lib/gcc/arm-none-eabi/9.1.0/thumb/v6-m/nofp/crtbegin.o

.ARM.extab
 *(.ARM.extab* .gnu.linkonce.armextab.*)

.ARM            0x0000000008003330        0x0
                0x0000000008003330                __exidx_start = .
 *(.ARM.exidx*)
                0x0000000008003330                __exidx_end = .

.preinit_array  0x0000000008003330        0x0
                0x0000000008003330                PROVIDE (__preinit_array_start = .)
 *(.preinit_array*)
                0x0000000008003330                PROVIDE (__preinit_array_end = .)

.init_array     0x0000000008003330        0x4
                0x0000000008003330                PROVIDE (__init_array_start = .)
 *(SORT_BY_NAME(.init_array.*))
 *(.init_array*)
 .init_array    0x0000000008003330        0x4 /usr/lib/gcc/arm-none-eabi/9.1.0/thumb/v6-m/nofp/crtbegin.o
                0x0000000008003334                PROVIDE (__init_array_end = .)

.fini_array     0x0000000008003334        0x4
                0x0000000008003334                PROVIDE (__fini_array_start = .)
 *(SORT_BY_NAME(.fini_array.*))
 *(.fini_array*)
 .fini_array    0x0000000008003334        0x4 /usr/lib/gcc/arm-none-eabi/9.1.0/thumb/v6-m/nofp/crtbegin.o
                0x0000000008003338                PROVIDE (__fini_array_end = .)
                0x0000000008003338                _sidata = LOADADDR (.data)

.data           0x0000000020000000      0x114 load address 0x0000000008003338
                0x0000000020000000                . = ALIGN (0x4)
                0x0000000020000000                _sdata = .
 *(.data)
 *(.data*)
 .data.FS_Desc  0x0000000020000000       0x1c build/usbd_desc.o
                0x0000000020000000                FS_Desc
 .data.USBD_FS_DeviceDesc
                0x000000002000001c       0x12 build/usbd_desc.o
                0x000000002000001c                USBD_FS_DeviceDesc
 *fill*         0x000000002000002e        0x2 
 .data.USBD_LangIDDesc
                0x0000000020000030        0x4 build/usbd_desc.o
                0x0000000020000030                USBD_LangIDDesc
 .data.USBD_StringSerial
                0x0000000020000034       0x1a build/usbd_desc.o
                0x0000000020000034                USBD_StringSerial
 *fill*         0x000000002000004e        0x2 
 .data.SystemCoreClock
                0x0000000020000050        0x4 build/system_stm32f0xx.o
                0x0000000020000050                SystemCoreClock
 .data.HID_MOUSE_ReportDesc
                0x0000000020000054       0x4a build/usbd_hid.o
 *fill*         0x000000002000009e        0x2 
 .data.USBD_HID
                0x00000000200000a0       0x38 build/usbd_hid.o
                0x00000000200000a0                USBD_HID
 .data.USBD_HID_CfgDesc
                0x00000000200000d8       0x22 build/usbd_hid.o
 *fill*         0x00000000200000fa        0x2 
 .data.USBD_HID_Desc
                0x00000000200000fc        0x9 build/usbd_hid.o
 *fill*         0x0000000020000105        0x3 
 .data.USBD_HID_DeviceQualifierDesc
                0x0000000020000108        0xa build/usbd_hid.o
                0x0000000020000114                . = ALIGN (0x4)
 *fill*         0x0000000020000112        0x2 
                0x0000000020000114                _edata = .

.igot.plt       0x0000000020000114        0x0 load address 0x000000000800344c
 .igot.plt      0x0000000020000114        0x0 /usr/lib/gcc/arm-none-eabi/9.1.0/thumb/v6-m/nofp/crtbegin.o
                0x0000000020000114                . = ALIGN (0x4)

.bss            0x0000000020000114      0x6c4 load address 0x000000000800344c
                0x0000000020000114                _sbss = .
                0x0000000020000114                __bss_start__ = _sbss
 *(.bss)
 *(.bss*)
 .bss.completed.8888
                0x0000000020000114        0x1 /usr/lib/gcc/arm-none-eabi/9.1.0/thumb/v6-m/nofp/crtbegin.o
 *fill*         0x0000000020000115        0x3 
 .bss.object.8893
                0x0000000020000118       0x18 /usr/lib/gcc/arm-none-eabi/9.1.0/thumb/v6-m/nofp/crtbegin.o
 .bss.click_report
                0x0000000020000130        0x8 build/main.o
                0x0000000020000130                click_report
 .bss.mem.8051  0x0000000020000138       0x14 build/usbd_conf.o
 .bss.cfgidx.7992
                0x000000002000014c        0x1 build/usbd_ctlreq.o
 *(COMMON)
 *fill*         0x000000002000014d        0x3 
 COMMON         0x0000000020000150      0x224 build/usb_device.o
                0x0000000020000150                hUsbDeviceFS
 COMMON         0x0000000020000374      0x220 build/usbd_conf.o
                0x0000000020000374                hpcd_USB_FS
 COMMON         0x0000000020000594      0x200 build/usbd_desc.o
                0x0000000020000594                USBD_StrDesc
 COMMON         0x0000000020000794       0x40 build/stm32f0xx_hal_timebase_tim.o
                0x0000000020000794                htim1
 COMMON         0x00000000200007d4        0x4 build/stm32f0xx_hal.o
                0x00000000200007d4                uwTick
                0x00000000200007d8                . = ALIGN (0x4)
                0x00000000200007d8                _ebss = .
                0x00000000200007d8                __bss_end__ = _ebss

._user_heap_stack
                0x00000000200007d8      0x600 load address 0x000000000800344c
                0x00000000200007d8                . = ALIGN (0x8)
                [!provide]                        PROVIDE (end = .)
                [!provide]                        PROVIDE (_end = .)
                0x00000000200009d8                . = (. + _Min_Heap_Size)
 *fill*         0x00000000200007d8      0x200 
                0x0000000020000dd8                . = (. + _Min_Stack_Size)
 *fill*         0x00000000200009d8      0x400 
                0x0000000020000dd8                . = ALIGN (0x8)

/DISCARD/
 libc.a(*)
 libm.a(*)
 libgcc.a(*)

.ARM.attributes
                0x0000000000000000       0x28
 *(.ARM.attributes)
 .ARM.attributes
                0x0000000000000000       0x1e /usr/lib/gcc/arm-none-eabi/9.1.0/thumb/v6-m/nofp/crti.o
 .ARM.attributes
                0x000000000000001e       0x2c /usr/lib/gcc/arm-none-eabi/9.1.0/thumb/v6-m/nofp/crtbegin.o
 .ARM.attributes
                0x000000000000004a       0x2c build/main.o
 .ARM.attributes
                0x0000000000000076       0x2c build/usb_device.o
 .ARM.attributes
                0x00000000000000a2       0x2c build/usbd_conf.o
 .ARM.attributes
                0x00000000000000ce       0x2c build/usbd_desc.o
 .ARM.attributes
                0x00000000000000fa       0x2c build/stm32f0xx_it.o
 .ARM.attributes
                0x0000000000000126       0x2c build/stm32f0xx_hal_msp.o
 .ARM.attributes
                0x0000000000000152       0x2c build/stm32f0xx_hal_timebase_tim.o
 .ARM.attributes
                0x000000000000017e       0x2c build/stm32f0xx_hal_pcd.o
 .ARM.attributes
                0x00000000000001aa       0x2c build/stm32f0xx_hal_pcd_ex.o
 .ARM.attributes
                0x00000000000001d6       0x2c build/stm32f0xx_hal_tim.o
 .ARM.attributes
                0x0000000000000202       0x2c build/stm32f0xx_hal_tim_ex.o
 .ARM.attributes
                0x000000000000022e       0x2c build/stm32f0xx_hal_rcc.o
 .ARM.attributes
                0x000000000000025a       0x2c build/stm32f0xx_hal_rcc_ex.o
 .ARM.attributes
                0x0000000000000286       0x2c build/stm32f0xx_hal.o
 .ARM.attributes
                0x00000000000002b2       0x2c build/stm32f0xx_hal_gpio.o
 .ARM.attributes
                0x00000000000002de       0x2c build/stm32f0xx_hal_cortex.o
 .ARM.attributes
                0x000000000000030a       0x2c build/system_stm32f0xx.o
 .ARM.attributes
                0x0000000000000336       0x2c build/usbd_core.o
 .ARM.attributes
                0x0000000000000362       0x2c build/usbd_ctlreq.o
 .ARM.attributes
                0x000000000000038e       0x2c build/usbd_ioreq.o
 .ARM.attributes
                0x00000000000003ba       0x2c build/usbd_hid.o
 .ARM.attributes
                0x00000000000003e6       0x21 build/startup_stm32f042x6.o
 .ARM.attributes
                0x0000000000000407       0x2c /usr/lib/gcc/arm-none-eabi/9.1.0/../../../../arm-none-eabi/lib/thumb/v6-m/nofp/libc_nano.a(lib_a-init.o)
 .ARM.attributes
                0x0000000000000433       0x2c /usr/lib/gcc/arm-none-eabi/9.1.0/../../../../arm-none-eabi/lib/thumb/v6-m/nofp/libc_nano.a(lib_a-memset.o)
 .ARM.attributes
                0x000000000000045f       0x1e /usr/lib/gcc/arm-none-eabi/9.1.0/thumb/v6-m/nofp/libgcc.a(_udivsi3.o)
 .ARM.attributes
                0x000000000000047d       0x1e /usr/lib/gcc/arm-none-eabi/9.1.0/thumb/v6-m/nofp/libgcc.a(_dvmd_tls.o)
 .ARM.attributes
                0x000000000000049b       0x1e /usr/lib/gcc/arm-none-eabi/9.1.0/thumb/v6-m/nofp/crtn.o
OUTPUT(build/PlasticFrog.elf elf32-littlearm)

.debug_info     0x0000000000000000    0x1e44f
 .debug_info    0x0000000000000000     0x1c2a build/main.o
 .debug_info    0x0000000000001c2a     0x1009 build/usb_device.o
 .debug_info    0x0000000000002c33     0x252d build/usbd_conf.o
 .debug_info    0x0000000000005160     0x1005 build/usbd_desc.o
 .debug_info    0x0000000000006165     0x153b build/stm32f0xx_it.o
 .debug_info    0x00000000000076a0      0xc2d build/stm32f0xx_hal_msp.o
 .debug_info    0x00000000000082cd     0x13be build/stm32f0xx_hal_timebase_tim.o
 .debug_info    0x000000000000968b     0x2057 build/stm32f0xx_hal_pcd.o
 .debug_info    0x000000000000b6e2      0xfff build/stm32f0xx_hal_pcd_ex.o
 .debug_info    0x000000000000c6e1     0x404e build/stm32f0xx_hal_tim.o
 .debug_info    0x000000000001072f     0x1f4f build/stm32f0xx_hal_tim_ex.o
 .debug_info    0x000000000001267e     0x144a build/stm32f0xx_hal_rcc.o
 .debug_info    0x0000000000013ac8     0x1160 build/stm32f0xx_hal_rcc_ex.o
 .debug_info    0x0000000000014c28     0x10c9 build/stm32f0xx_hal.o
 .debug_info    0x0000000000015cf1     0x10c2 build/stm32f0xx_hal_gpio.o
 .debug_info    0x0000000000016db3     0x128d build/stm32f0xx_hal_cortex.o
 .debug_info    0x0000000000018040      0xc23 build/system_stm32f0xx.o
 .debug_info    0x0000000000018c63     0x17cd build/usbd_core.o
 .debug_info    0x000000000001a430     0x1994 build/usbd_ctlreq.o
 .debug_info    0x000000000001bdc4     0x1242 build/usbd_ioreq.o
 .debug_info    0x000000000001d006     0x1427 build/usbd_hid.o
 .debug_info    0x000000000001e42d       0x22 build/startup_stm32f042x6.o

.debug_abbrev   0x0000000000000000     0x3d7e
 .debug_abbrev  0x0000000000000000      0x310 build/main.o
 .debug_abbrev  0x0000000000000310      0x218 build/usb_device.o
 .debug_abbrev  0x0000000000000528      0x39c build/usbd_conf.o
 .debug_abbrev  0x00000000000008c4      0x319 build/usbd_desc.o
 .debug_abbrev  0x0000000000000bdd      0x254 build/stm32f0xx_it.o
 .debug_abbrev  0x0000000000000e31      0x1ec build/stm32f0xx_hal_msp.o
 .debug_abbrev  0x000000000000101d      0x2cb build/stm32f0xx_hal_timebase_tim.o
 .debug_abbrev  0x00000000000012e8      0x3e1 build/stm32f0xx_hal_pcd.o
 .debug_abbrev  0x00000000000016c9      0x21e build/stm32f0xx_hal_pcd_ex.o
 .debug_abbrev  0x00000000000018e7      0x360 build/stm32f0xx_hal_tim.o
 .debug_abbrev  0x0000000000001c47      0x346 build/stm32f0xx_hal_tim_ex.o
 .debug_abbrev  0x0000000000001f8d      0x32a build/stm32f0xx_hal_rcc.o
 .debug_abbrev  0x00000000000022b7      0x321 build/stm32f0xx_hal_rcc_ex.o
 .debug_abbrev  0x00000000000025d8      0x320 build/stm32f0xx_hal.o
 .debug_abbrev  0x00000000000028f8      0x30a build/stm32f0xx_hal_gpio.o
 .debug_abbrev  0x0000000000002c02      0x395 build/stm32f0xx_hal_cortex.o
 .debug_abbrev  0x0000000000002f97      0x21a build/system_stm32f0xx.o
 .debug_abbrev  0x00000000000031b1      0x32d build/usbd_core.o
 .debug_abbrev  0x00000000000034de      0x380 build/usbd_ctlreq.o
 .debug_abbrev  0x000000000000385e      0x222 build/usbd_ioreq.o
 .debug_abbrev  0x0000000000003a80      0x2ec build/usbd_hid.o
 .debug_abbrev  0x0000000000003d6c       0x12 build/startup_stm32f042x6.o

.debug_loc      0x0000000000000000     0xc834
 .debug_loc     0x0000000000000000       0xdb build/main.o
 .debug_loc     0x00000000000000db       0x20 build/usb_device.o
 .debug_loc     0x00000000000000fb      0xfc7 build/usbd_conf.o
 .debug_loc     0x00000000000010c2      0x45d build/usbd_desc.o
 .debug_loc     0x000000000000151f       0x40 build/stm32f0xx_it.o
 .debug_loc     0x000000000000155f       0x20 build/stm32f0xx_hal_msp.o
 .debug_loc     0x000000000000157f       0xb5 build/stm32f0xx_hal_timebase_tim.o
 .debug_loc     0x0000000000001634     0x17bb build/stm32f0xx_hal_pcd.o
 .debug_loc     0x0000000000002def      0x14a build/stm32f0xx_hal_pcd_ex.o
 .debug_loc     0x0000000000002f39     0x460f build/stm32f0xx_hal_tim.o
 .debug_loc     0x0000000000007548     0x1645 build/stm32f0xx_hal_tim_ex.o
 .debug_loc     0x0000000000008b8d      0x74c build/stm32f0xx_hal_rcc.o
 .debug_loc     0x00000000000092d9      0x856 build/stm32f0xx_hal_rcc_ex.o
 .debug_loc     0x0000000000009b2f      0x118 build/stm32f0xx_hal.o
 .debug_loc     0x0000000000009c47      0x460 build/stm32f0xx_hal_gpio.o
 .debug_loc     0x000000000000a0a7      0x449 build/stm32f0xx_hal_cortex.o
 .debug_loc     0x000000000000a4f0      0x177 build/system_stm32f0xx.o
 .debug_loc     0x000000000000a667      0xa02 build/usbd_core.o
 .debug_loc     0x000000000000b069      0xe90 build/usbd_ctlreq.o
 .debug_loc     0x000000000000bef9      0x364 build/usbd_ioreq.o
 .debug_loc     0x000000000000c25d      0x5d7 build/usbd_hid.o

.debug_aranges  0x0000000000000000      0xd30
 .debug_aranges
                0x0000000000000000       0x40 build/main.o
 .debug_aranges
                0x0000000000000040       0x20 build/usb_device.o
 .debug_aranges
                0x0000000000000060      0x118 build/usbd_conf.o
 .debug_aranges
                0x0000000000000178       0x60 build/usbd_desc.o
 .debug_aranges
                0x00000000000001d8       0x48 build/stm32f0xx_it.o
 .debug_aranges
                0x0000000000000220       0x20 build/stm32f0xx_hal_msp.o
 .debug_aranges
                0x0000000000000240       0x30 build/stm32f0xx_hal_timebase_tim.o
 .debug_aranges
                0x0000000000000270      0x130 build/stm32f0xx_hal_pcd.o
 .debug_aranges
                0x00000000000003a0       0x20 build/stm32f0xx_hal_pcd_ex.o
 .debug_aranges
                0x00000000000003c0      0x378 build/stm32f0xx_hal_tim.o
 .debug_aranges
                0x0000000000000738      0x140 build/stm32f0xx_hal_tim_ex.o
 .debug_aranges
                0x0000000000000878       0x80 build/stm32f0xx_hal_rcc.o
 .debug_aranges
                0x00000000000008f8       0x78 build/stm32f0xx_hal_rcc_ex.o
 .debug_aranges
                0x0000000000000970       0xb8 build/stm32f0xx_hal.o
 .debug_aranges
                0x0000000000000a28       0x58 build/stm32f0xx_hal_gpio.o
 .debug_aranges
                0x0000000000000a80       0x78 build/stm32f0xx_hal_cortex.o
 .debug_aranges
                0x0000000000000af8       0x28 build/system_stm32f0xx.o
 .debug_aranges
                0x0000000000000b20       0xb8 build/usbd_core.o
 .debug_aranges
                0x0000000000000bd8       0x88 build/usbd_ctlreq.o
 .debug_aranges
                0x0000000000000c60       0x50 build/usbd_ioreq.o
 .debug_aranges
                0x0000000000000cb0       0x58 build/usbd_hid.o
 .debug_aranges
                0x0000000000000d08       0x28 build/startup_stm32f042x6.o

.debug_ranges   0x0000000000000000      0xd40
 .debug_ranges  0x0000000000000000       0x30 build/main.o
 .debug_ranges  0x0000000000000030       0x10 build/usb_device.o
 .debug_ranges  0x0000000000000040      0x108 build/usbd_conf.o
 .debug_ranges  0x0000000000000148       0x50 build/usbd_desc.o
 .debug_ranges  0x0000000000000198       0x38 build/stm32f0xx_it.o
 .debug_ranges  0x00000000000001d0       0x10 build/stm32f0xx_hal_msp.o
 .debug_ranges  0x00000000000001e0       0x20 build/stm32f0xx_hal_timebase_tim.o
 .debug_ranges  0x0000000000000200      0x210 build/stm32f0xx_hal_pcd.o
 .debug_ranges  0x0000000000000410       0x10 build/stm32f0xx_hal_pcd_ex.o
 .debug_ranges  0x0000000000000420      0x368 build/stm32f0xx_hal_tim.o
 .debug_ranges  0x0000000000000788      0x130 build/stm32f0xx_hal_tim_ex.o
 .debug_ranges  0x00000000000008b8       0x88 build/stm32f0xx_hal_rcc.o
 .debug_ranges  0x0000000000000940       0x80 build/stm32f0xx_hal_rcc_ex.o
 .debug_ranges  0x00000000000009c0       0xa8 build/stm32f0xx_hal.o
 .debug_ranges  0x0000000000000a68       0x48 build/stm32f0xx_hal_gpio.o
 .debug_ranges  0x0000000000000ab0       0xb0 build/stm32f0xx_hal_cortex.o
 .debug_ranges  0x0000000000000b60       0x18 build/system_stm32f0xx.o
 .debug_ranges  0x0000000000000b78       0xa8 build/usbd_core.o
 .debug_ranges  0x0000000000000c20       0x78 build/usbd_ctlreq.o
 .debug_ranges  0x0000000000000c98       0x40 build/usbd_ioreq.o
 .debug_ranges  0x0000000000000cd8       0x48 build/usbd_hid.o
 .debug_ranges  0x0000000000000d20       0x20 build/startup_stm32f042x6.o

.debug_line     0x0000000000000000     0xa941
 .debug_line    0x0000000000000000      0x3fb build/main.o
 .debug_line    0x00000000000003fb      0x241 build/usb_device.o
 .debug_line    0x000000000000063c      0x87c build/usbd_conf.o
 .debug_line    0x0000000000000eb8      0x3a6 build/usbd_desc.o
 .debug_line    0x000000000000125e      0x243 build/stm32f0xx_it.o
 .debug_line    0x00000000000014a1      0x167 build/stm32f0xx_hal_msp.o
 .debug_line    0x0000000000001608      0x28b build/stm32f0xx_hal_timebase_tim.o
 .debug_line    0x0000000000001893     0x1342 build/stm32f0xx_hal_pcd.o
 .debug_line    0x0000000000002bd5      0x226 build/stm32f0xx_hal_pcd_ex.o
 .debug_line    0x0000000000002dfb     0x2fa6 build/stm32f0xx_hal_tim.o
 .debug_line    0x0000000000005da1      0xf77 build/stm32f0xx_hal_tim_ex.o
 .debug_line    0x0000000000006d18      0xb54 build/stm32f0xx_hal_rcc.o
 .debug_line    0x000000000000786c      0x868 build/stm32f0xx_hal_rcc_ex.o
 .debug_line    0x00000000000080d4      0x43f build/stm32f0xx_hal.o
 .debug_line    0x0000000000008513      0x527 build/stm32f0xx_hal_gpio.o
 .debug_line    0x0000000000008a3a      0x4ae build/stm32f0xx_hal_cortex.o
 .debug_line    0x0000000000008ee8      0x270 build/system_stm32f0xx.o
 .debug_line    0x0000000000009158      0x6cf build/usbd_core.o
 .debug_line    0x0000000000009827      0x8da build/usbd_ctlreq.o
 .debug_line    0x000000000000a101      0x2ea build/usbd_ioreq.o
 .debug_line    0x000000000000a3eb      0x4cc build/usbd_hid.o
 .debug_line    0x000000000000a8b7       0x8a build/startup_stm32f042x6.o

.debug_str      0x0000000000000000     0x3d8e
 .debug_str     0x0000000000000000      0xfb7 build/main.o
                                       0x10c6 (size before relaxing)
 .debug_str     0x0000000000000fb7       0x66 build/usb_device.o
                                        0x9b1 (size before relaxing)
 .debug_str     0x000000000000101d      0x97a build/usbd_conf.o
                                       0x13b9 (size before relaxing)
 .debug_str     0x0000000000001997      0x171 build/usbd_desc.o
                                        0x838 (size before relaxing)
 .debug_str     0x0000000000001b08       0xa6 build/stm32f0xx_it.o
                                        0xc88 (size before relaxing)
 .debug_str     0x0000000000001bae       0x49 build/stm32f0xx_hal_msp.o
                                        0x624 (size before relaxing)
 .debug_str     0x0000000000001bf7       0xde build/stm32f0xx_hal_timebase_tim.o
                                        0xcb7 (size before relaxing)
 .debug_str     0x0000000000001cd5      0x18d build/stm32f0xx_hal_pcd.o
                                        0xc91 (size before relaxing)
 .debug_str     0x0000000000001e62       0x40 build/stm32f0xx_hal_pcd_ex.o
                                        0x8fe (size before relaxing)
 .debug_str     0x0000000000001ea2      0xd45 build/stm32f0xx_hal_tim.o
                                       0x1780 (size before relaxing)
 .debug_str     0x0000000000002be7      0x50a build/stm32f0xx_hal_tim_ex.o
                                        0xff2 (size before relaxing)
 .debug_str     0x00000000000030f1      0x1ac build/stm32f0xx_hal_rcc.o
                                        0x9e9 (size before relaxing)
 .debug_str     0x000000000000329d      0x296 build/stm32f0xx_hal_rcc_ex.o
                                        0x9f7 (size before relaxing)
 .debug_str     0x0000000000003533      0x179 build/stm32f0xx_hal.o
                                        0x9f6 (size before relaxing)
 .debug_str     0x00000000000036ac      0x102 build/stm32f0xx_hal_gpio.o
                                        0x805 (size before relaxing)
 .debug_str     0x00000000000037ae      0x17c build/stm32f0xx_hal_cortex.o
                                        0x9fe (size before relaxing)
 .debug_str     0x000000000000392a       0x38 build/system_stm32f0xx.o
                                        0x62b (size before relaxing)
 .debug_str     0x0000000000003962      0x145 build/usbd_core.o
                                        0xc1b (size before relaxing)
 .debug_str     0x0000000000003aa7       0xe2 build/usbd_ctlreq.o
                                        0xb35 (size before relaxing)
 .debug_str     0x0000000000003b89       0x60 build/usbd_ioreq.o
                                        0xa62 (size before relaxing)
 .debug_str     0x0000000000003be9      0x183 build/usbd_hid.o
                                        0xb89 (size before relaxing)
 .debug_str     0x0000000000003d6c       0x22 build/startup_stm32f042x6.o
                                         0x61 (size before relaxing)

.comment        0x0000000000000000       0x1d
 .comment       0x0000000000000000       0x1d build/main.o
                                         0x1e (size before relaxing)
 .comment       0x000000000000001d       0x1e build/usb_device.o
 .comment       0x000000000000001d       0x1e build/usbd_conf.o
 .comment       0x000000000000001d       0x1e build/usbd_desc.o
 .comment       0x000000000000001d       0x1e build/stm32f0xx_it.o
 .comment       0x000000000000001d       0x1e build/stm32f0xx_hal_msp.o
 .comment       0x000000000000001d       0x1e build/stm32f0xx_hal_timebase_tim.o
 .comment       0x000000000000001d       0x1e build/stm32f0xx_hal_pcd.o
 .comment       0x000000000000001d       0x1e build/stm32f0xx_hal_pcd_ex.o
 .comment       0x000000000000001d       0x1e build/stm32f0xx_hal_tim.o
 .comment       0x000000000000001d       0x1e build/stm32f0xx_hal_tim_ex.o
 .comment       0x000000000000001d       0x1e build/stm32f0xx_hal_rcc.o
 .comment       0x000000000000001d       0x1e build/stm32f0xx_hal_rcc_ex.o
 .comment       0x000000000000001d       0x1e build/stm32f0xx_hal.o
 .comment       0x000000000000001d       0x1e build/stm32f0xx_hal_gpio.o
 .comment       0x000000000000001d       0x1e build/stm32f0xx_hal_cortex.o
 .comment       0x000000000000001d       0x1e build/system_stm32f0xx.o
 .comment       0x000000000000001d       0x1e build/usbd_core.o
 .comment       0x000000000000001d       0x1e build/usbd_ctlreq.o
 .comment       0x000000000000001d       0x1e build/usbd_ioreq.o
 .comment       0x000000000000001d       0x1e build/usbd_hid.o

.debug_frame    0x0000000000000000     0x23b8
 .debug_frame   0x0000000000000000       0x98 build/main.o
 .debug_frame   0x0000000000000098       0x2c build/usb_device.o
 .debug_frame   0x00000000000000c4      0x368 build/usbd_conf.o
 .debug_frame   0x000000000000042c       0xf8 build/usbd_desc.o
 .debug_frame   0x0000000000000524       0x88 build/stm32f0xx_it.o
 .debug_frame   0x00000000000005ac       0x24 build/stm32f0xx_hal_msp.o
 .debug_frame   0x00000000000005d0       0x4c build/stm32f0xx_hal_timebase_tim.o
 .debug_frame   0x000000000000061c      0x320 build/stm32f0xx_hal_pcd.o
 .debug_frame   0x000000000000093c       0x2c build/stm32f0xx_hal_pcd_ex.o
 .debug_frame   0x0000000000000968      0xaec build/stm32f0xx_hal_tim.o
 .debug_frame   0x0000000000001454      0x3f8 build/stm32f0xx_hal_tim_ex.o
 .debug_frame   0x000000000000184c      0x148 build/stm32f0xx_hal_rcc.o
 .debug_frame   0x0000000000001994      0x10c build/stm32f0xx_hal_rcc_ex.o
 .debug_frame   0x0000000000001aa0      0x184 build/stm32f0xx_hal.o
 .debug_frame   0x0000000000001c24       0xe4 build/stm32f0xx_hal_gpio.o
 .debug_frame   0x0000000000001d08       0xec build/stm32f0xx_hal_cortex.o
 .debug_frame   0x0000000000001df4       0x3c build/system_stm32f0xx.o
 .debug_frame   0x0000000000001e30      0x1ec build/usbd_core.o
 .debug_frame   0x000000000000201c      0x198 build/usbd_ctlreq.o
 .debug_frame   0x00000000000021b4       0xd4 build/usbd_ioreq.o
 .debug_frame   0x0000000000002288       0xc4 build/usbd_hid.o
 .debug_frame   0x000000000000234c       0x2c /usr/lib/gcc/arm-none-eabi/9.1.0/../../../../arm-none-eabi/lib/thumb/v6-m/nofp/libc_nano.a(lib_a-init.o)
 .debug_frame   0x0000000000002378       0x20 /usr/lib/gcc/arm-none-eabi/9.1.0/../../../../arm-none-eabi/lib/thumb/v6-m/nofp/libc_nano.a(lib_a-memset.o)
 .debug_frame   0x0000000000002398       0x20 /usr/lib/gcc/arm-none-eabi/9.1.0/thumb/v6-m/nofp/libgcc.a(_udivsi3.o)

Cross Reference Table

Symbol                                            File
ADC1_IRQHandler                                   build/startup_stm32f042x6.o
AHBPrescTable                                     build/system_stm32f0xx.o
                                                  build/stm32f0xx_hal_rcc.o
APBPrescTable                                     build/system_stm32f0xx.o
                                                  build/stm32f0xx_hal_rcc.o
CEC_CAN_IRQHandler                                build/startup_stm32f042x6.o
DMA1_Channel1_IRQHandler                          build/startup_stm32f042x6.o
DMA1_Channel2_3_IRQHandler                        build/startup_stm32f042x6.o
DMA1_Channel4_5_IRQHandler                        build/startup_stm32f042x6.o
Default_Handler                                   build/startup_stm32f042x6.o
EXTI0_1_IRQHandler                                build/startup_stm32f042x6.o
EXTI2_3_IRQHandler                                build/startup_stm32f042x6.o
EXTI4_15_IRQHandler                               build/startup_stm32f042x6.o
Error_Handler                                     build/main.o
                                                  build/usbd_conf.o
                                                  build/usb_device.o
FLASH_IRQHandler                                  build/startup_stm32f042x6.o
FLASH_PageErase                                   build/stm32f0xx_hal_flash_ex.o
                                                  build/stm32f0xx_hal_flash.o
FLASH_WaitForLastOperation                        build/stm32f0xx_hal_flash.o
                                                  build/stm32f0xx_hal_flash_ex.o
FS_Desc                                           build/usbd_desc.o
                                                  build/usb_device.o
HAL_DBGMCU_DisableDBGStandbyMode                  build/stm32f0xx_hal.o
HAL_DBGMCU_DisableDBGStopMode                     build/stm32f0xx_hal.o
HAL_DBGMCU_EnableDBGStandbyMode                   build/stm32f0xx_hal.o
HAL_DBGMCU_EnableDBGStopMode                      build/stm32f0xx_hal.o
HAL_DMA_Abort                                     build/stm32f0xx_hal_dma.o
                                                  build/stm32f0xx_hal_tim.o
HAL_DMA_Abort_IT                                  build/stm32f0xx_hal_dma.o
                                                  build/stm32f0xx_hal_i2c.o
HAL_DMA_DeInit                                    build/stm32f0xx_hal_dma.o
HAL_DMA_GetError                                  build/stm32f0xx_hal_dma.o
HAL_DMA_GetState                                  build/stm32f0xx_hal_dma.o
HAL_DMA_IRQHandler                                build/stm32f0xx_hal_dma.o
HAL_DMA_Init                                      build/stm32f0xx_hal_dma.o
HAL_DMA_PollForTransfer                           build/stm32f0xx_hal_dma.o
HAL_DMA_RegisterCallback                          build/stm32f0xx_hal_dma.o
HAL_DMA_Start                                     build/stm32f0xx_hal_dma.o
HAL_DMA_Start_IT                                  build/stm32f0xx_hal_dma.o
                                                  build/stm32f0xx_hal_i2c.o
                                                  build/stm32f0xx_hal_tim_ex.o
                                                  build/stm32f0xx_hal_tim.o
HAL_DMA_UnRegisterCallback                        build/stm32f0xx_hal_dma.o
HAL_DeInit                                        build/stm32f0xx_hal.o
HAL_Delay                                         build/stm32f0xx_hal.o
                                                  build/usbd_conf.o
                                                  build/main.o
HAL_FLASHEx_Erase                                 build/stm32f0xx_hal_flash_ex.o
HAL_FLASHEx_Erase_IT                              build/stm32f0xx_hal_flash_ex.o
HAL_FLASHEx_OBErase                               build/stm32f0xx_hal_flash_ex.o
HAL_FLASHEx_OBGetConfig                           build/stm32f0xx_hal_flash_ex.o
HAL_FLASHEx_OBGetUserData                         build/stm32f0xx_hal_flash_ex.o
HAL_FLASHEx_OBProgram                             build/stm32f0xx_hal_flash_ex.o
HAL_FLASH_EndOfOperationCallback                  build/stm32f0xx_hal_flash.o
HAL_FLASH_GetError                                build/stm32f0xx_hal_flash.o
HAL_FLASH_IRQHandler                              build/stm32f0xx_hal_flash.o
HAL_FLASH_Lock                                    build/stm32f0xx_hal_flash.o
HAL_FLASH_OB_Launch                               build/stm32f0xx_hal_flash.o
HAL_FLASH_OB_Lock                                 build/stm32f0xx_hal_flash.o
HAL_FLASH_OB_Unlock                               build/stm32f0xx_hal_flash.o
HAL_FLASH_OperationErrorCallback                  build/stm32f0xx_hal_flash.o
HAL_FLASH_Program                                 build/stm32f0xx_hal_flash.o
HAL_FLASH_Program_IT                              build/stm32f0xx_hal_flash.o
HAL_FLASH_Unlock                                  build/stm32f0xx_hal_flash.o
HAL_GPIO_DeInit                                   build/stm32f0xx_hal_gpio.o
HAL_GPIO_EXTI_Callback                            build/stm32f0xx_hal_gpio.o
HAL_GPIO_EXTI_IRQHandler                          build/stm32f0xx_hal_gpio.o
HAL_GPIO_Init                                     build/stm32f0xx_hal_gpio.o
                                                  build/stm32f0xx_hal_rcc.o
                                                  build/main.o
HAL_GPIO_LockPin                                  build/stm32f0xx_hal_gpio.o
HAL_GPIO_ReadPin                                  build/stm32f0xx_hal_gpio.o
HAL_GPIO_TogglePin                                build/stm32f0xx_hal_gpio.o
HAL_GPIO_WritePin                                 build/stm32f0xx_hal_gpio.o
                                                  build/main.o
HAL_GetDEVID                                      build/stm32f0xx_hal.o
HAL_GetHalVersion                                 build/stm32f0xx_hal.o
HAL_GetREVID                                      build/stm32f0xx_hal.o
HAL_GetTick                                       build/stm32f0xx_hal.o
                                                  build/stm32f0xx_hal_flash.o
                                                  build/stm32f0xx_hal_dma.o
                                                  build/stm32f0xx_hal_i2c.o
                                                  build/stm32f0xx_hal_rcc_ex.o
                                                  build/stm32f0xx_hal_rcc.o
HAL_GetUIDw0                                      build/stm32f0xx_hal.o
HAL_GetUIDw1                                      build/stm32f0xx_hal.o
HAL_GetUIDw2                                      build/stm32f0xx_hal.o
HAL_I2CEx_ConfigAnalogFilter                      build/stm32f0xx_hal_i2c_ex.o
HAL_I2CEx_ConfigDigitalFilter                     build/stm32f0xx_hal_i2c_ex.o
HAL_I2CEx_DisableFastModePlus                     build/stm32f0xx_hal_i2c_ex.o
HAL_I2CEx_DisableWakeUp                           build/stm32f0xx_hal_i2c_ex.o
HAL_I2CEx_EnableFastModePlus                      build/stm32f0xx_hal_i2c_ex.o
HAL_I2CEx_EnableWakeUp                            build/stm32f0xx_hal_i2c_ex.o
HAL_I2C_AbortCpltCallback                         build/stm32f0xx_hal_i2c.o
HAL_I2C_AddrCallback                              build/stm32f0xx_hal_i2c.o
HAL_I2C_DeInit                                    build/stm32f0xx_hal_i2c.o
HAL_I2C_DisableListen_IT                          build/stm32f0xx_hal_i2c.o
HAL_I2C_ER_IRQHandler                             build/stm32f0xx_hal_i2c.o
HAL_I2C_EV_IRQHandler                             build/stm32f0xx_hal_i2c.o
HAL_I2C_EnableListen_IT                           build/stm32f0xx_hal_i2c.o
HAL_I2C_ErrorCallback                             build/stm32f0xx_hal_i2c.o
HAL_I2C_GetError                                  build/stm32f0xx_hal_i2c.o
HAL_I2C_GetMode                                   build/stm32f0xx_hal_i2c.o
HAL_I2C_GetState                                  build/stm32f0xx_hal_i2c.o
HAL_I2C_Init                                      build/stm32f0xx_hal_i2c.o
HAL_I2C_IsDeviceReady                             build/stm32f0xx_hal_i2c.o
HAL_I2C_ListenCpltCallback                        build/stm32f0xx_hal_i2c.o
HAL_I2C_MasterRxCpltCallback                      build/stm32f0xx_hal_i2c.o
HAL_I2C_MasterTxCpltCallback                      build/stm32f0xx_hal_i2c.o
HAL_I2C_Master_Abort_IT                           build/stm32f0xx_hal_i2c.o
HAL_I2C_Master_Receive                            build/stm32f0xx_hal_i2c.o
HAL_I2C_Master_Receive_DMA                        build/stm32f0xx_hal_i2c.o
HAL_I2C_Master_Receive_IT                         build/stm32f0xx_hal_i2c.o
HAL_I2C_Master_Sequential_Receive_IT              build/stm32f0xx_hal_i2c.o
HAL_I2C_Master_Sequential_Transmit_IT             build/stm32f0xx_hal_i2c.o
HAL_I2C_Master_Transmit                           build/stm32f0xx_hal_i2c.o
HAL_I2C_Master_Transmit_DMA                       build/stm32f0xx_hal_i2c.o
HAL_I2C_Master_Transmit_IT                        build/stm32f0xx_hal_i2c.o
HAL_I2C_MemRxCpltCallback                         build/stm32f0xx_hal_i2c.o
HAL_I2C_MemTxCpltCallback                         build/stm32f0xx_hal_i2c.o
HAL_I2C_Mem_Read                                  build/stm32f0xx_hal_i2c.o
HAL_I2C_Mem_Read_DMA                              build/stm32f0xx_hal_i2c.o
HAL_I2C_Mem_Read_IT                               build/stm32f0xx_hal_i2c.o
HAL_I2C_Mem_Write                                 build/stm32f0xx_hal_i2c.o
HAL_I2C_Mem_Write_DMA                             build/stm32f0xx_hal_i2c.o
HAL_I2C_Mem_Write_IT                              build/stm32f0xx_hal_i2c.o
HAL_I2C_MspDeInit                                 build/stm32f0xx_hal_i2c.o
HAL_I2C_MspInit                                   build/stm32f0xx_hal_i2c.o
HAL_I2C_SlaveRxCpltCallback                       build/stm32f0xx_hal_i2c.o
HAL_I2C_SlaveTxCpltCallback                       build/stm32f0xx_hal_i2c.o
HAL_I2C_Slave_Receive                             build/stm32f0xx_hal_i2c.o
HAL_I2C_Slave_Receive_DMA                         build/stm32f0xx_hal_i2c.o
HAL_I2C_Slave_Receive_IT                          build/stm32f0xx_hal_i2c.o
HAL_I2C_Slave_Sequential_Receive_IT               build/stm32f0xx_hal_i2c.o
HAL_I2C_Slave_Sequential_Transmit_IT              build/stm32f0xx_hal_i2c.o
HAL_I2C_Slave_Transmit                            build/stm32f0xx_hal_i2c.o
HAL_I2C_Slave_Transmit_DMA                        build/stm32f0xx_hal_i2c.o
HAL_I2C_Slave_Transmit_IT                         build/stm32f0xx_hal_i2c.o
HAL_IncTick                                       build/stm32f0xx_hal.o
                                                  build/main.o
HAL_Init                                          build/stm32f0xx_hal.o
                                                  build/main.o
HAL_InitTick                                      build/stm32f0xx_hal_timebase_tim.o
                                                  build/stm32f0xx_hal_rcc.o
HAL_MspDeInit                                     build/stm32f0xx_hal.o
HAL_MspInit                                       build/stm32f0xx_hal_msp.o
HAL_NVIC_ClearPendingIRQ                          build/stm32f0xx_hal_cortex.o
HAL_NVIC_DisableIRQ                               build/stm32f0xx_hal_cortex.o
                                                  build/usbd_conf.o
HAL_NVIC_EnableIRQ                                build/stm32f0xx_hal_cortex.o
                                                  build/stm32f0xx_hal_timebase_tim.o
                                                  build/usbd_conf.o
HAL_NVIC_GetPendingIRQ                            build/stm32f0xx_hal_cortex.o
HAL_NVIC_GetPriority                              build/stm32f0xx_hal_cortex.o
HAL_NVIC_SetPendingIRQ                            build/stm32f0xx_hal_cortex.o
HAL_NVIC_SetPriority                              build/stm32f0xx_hal_cortex.o
                                                  build/stm32f0xx_hal.o
                                                  build/stm32f0xx_hal_timebase_tim.o
                                                  build/usbd_conf.o
HAL_NVIC_SystemReset                              build/stm32f0xx_hal_cortex.o
HAL_PCDEx_PMAConfig                               build/stm32f0xx_hal_pcd_ex.o
                                                  build/usbd_conf.o
HAL_PCD_ActivateRemoteWakeup                      build/stm32f0xx_hal_pcd.o
HAL_PCD_ConnectCallback                           build/usbd_conf.o
HAL_PCD_DataInStageCallback                       build/usbd_conf.o
HAL_PCD_DataOutStageCallback                      build/usbd_conf.o
HAL_PCD_DeActivateRemoteWakeup                    build/stm32f0xx_hal_pcd.o
HAL_PCD_DeInit                                    build/stm32f0xx_hal_pcd.o
                                                  build/usbd_conf.o
HAL_PCD_DevConnect                                build/stm32f0xx_hal_pcd.o
HAL_PCD_DevDisconnect                             build/stm32f0xx_hal_pcd.o
HAL_PCD_DisconnectCallback                        build/usbd_conf.o
HAL_PCD_EP_Close                                  build/stm32f0xx_hal_pcd.o
                                                  build/usbd_conf.o
HAL_PCD_EP_ClrStall                               build/stm32f0xx_hal_pcd.o
                                                  build/usbd_conf.o
HAL_PCD_EP_Flush                                  build/stm32f0xx_hal_pcd.o
                                                  build/usbd_conf.o
HAL_PCD_EP_GetRxCount                             build/stm32f0xx_hal_pcd.o
                                                  build/usbd_conf.o
HAL_PCD_EP_Open                                   build/stm32f0xx_hal_pcd.o
                                                  build/usbd_conf.o
HAL_PCD_EP_Receive                                build/stm32f0xx_hal_pcd.o
                                                  build/usbd_conf.o
HAL_PCD_EP_SetStall                               build/stm32f0xx_hal_pcd.o
                                                  build/usbd_conf.o
HAL_PCD_EP_Transmit                               build/stm32f0xx_hal_pcd.o
                                                  build/usbd_conf.o
HAL_PCD_GetState                                  build/stm32f0xx_hal_pcd.o
HAL_PCD_IRQHandler                                build/stm32f0xx_hal_pcd.o
                                                  build/stm32f0xx_it.o
HAL_PCD_ISOINIncompleteCallback                   build/usbd_conf.o
HAL_PCD_ISOOUTIncompleteCallback                  build/usbd_conf.o
HAL_PCD_Init                                      build/stm32f0xx_hal_pcd.o
                                                  build/usbd_conf.o
HAL_PCD_MspDeInit                                 build/usbd_conf.o
HAL_PCD_MspInit                                   build/usbd_conf.o
HAL_PCD_ResetCallback                             build/usbd_conf.o
HAL_PCD_ResumeCallback                            build/usbd_conf.o
HAL_PCD_SOFCallback                               build/usbd_conf.o
HAL_PCD_SetAddress                                build/stm32f0xx_hal_pcd.o
                                                  build/usbd_conf.o
HAL_PCD_SetupStageCallback                        build/usbd_conf.o
HAL_PCD_Start                                     build/stm32f0xx_hal_pcd.o
                                                  build/usbd_conf.o
HAL_PCD_Stop                                      build/stm32f0xx_hal_pcd.o
                                                  build/usbd_conf.o
HAL_PCD_SuspendCallback                           build/usbd_conf.o
HAL_PWREx_DisableVddio2Monitor                    build/stm32f0xx_hal_pwr_ex.o
HAL_PWREx_EnableVddio2Monitor                     build/stm32f0xx_hal_pwr_ex.o
HAL_PWREx_Vddio2MonitorCallback                   build/stm32f0xx_hal_pwr_ex.o
HAL_PWREx_Vddio2Monitor_IRQHandler                build/stm32f0xx_hal_pwr_ex.o
HAL_PWR_ConfigPVD                                 build/stm32f0xx_hal_pwr_ex.o
HAL_PWR_DeInit                                    build/stm32f0xx_hal_pwr.o
HAL_PWR_DisableBkUpAccess                         build/stm32f0xx_hal_pwr.o
HAL_PWR_DisablePVD                                build/stm32f0xx_hal_pwr_ex.o
HAL_PWR_DisableSEVOnPend                          build/stm32f0xx_hal_pwr.o
HAL_PWR_DisableSleepOnExit                        build/stm32f0xx_hal_pwr.o
HAL_PWR_DisableWakeUpPin                          build/stm32f0xx_hal_pwr.o
HAL_PWR_EnableBkUpAccess                          build/stm32f0xx_hal_pwr.o
HAL_PWR_EnablePVD                                 build/stm32f0xx_hal_pwr_ex.o
HAL_PWR_EnableSEVOnPend                           build/stm32f0xx_hal_pwr.o
HAL_PWR_EnableSleepOnExit                         build/stm32f0xx_hal_pwr.o
HAL_PWR_EnableWakeUpPin                           build/stm32f0xx_hal_pwr.o
HAL_PWR_EnterSLEEPMode                            build/stm32f0xx_hal_pwr.o
HAL_PWR_EnterSTANDBYMode                          build/stm32f0xx_hal_pwr.o
HAL_PWR_EnterSTOPMode                             build/stm32f0xx_hal_pwr.o
HAL_PWR_PVDCallback                               build/stm32f0xx_hal_pwr_ex.o
HAL_PWR_PVD_IRQHandler                            build/stm32f0xx_hal_pwr_ex.o
HAL_RCCEx_CRSConfig                               build/stm32f0xx_hal_rcc_ex.o
HAL_RCCEx_CRSGetSynchronizationInfo               build/stm32f0xx_hal_rcc_ex.o
HAL_RCCEx_CRSSoftwareSynchronizationGenerate      build/stm32f0xx_hal_rcc_ex.o
HAL_RCCEx_CRSWaitSynchronization                  build/stm32f0xx_hal_rcc_ex.o
HAL_RCCEx_CRS_ErrorCallback                       build/stm32f0xx_hal_rcc_ex.o
HAL_RCCEx_CRS_ExpectedSyncCallback                build/stm32f0xx_hal_rcc_ex.o
HAL_RCCEx_CRS_IRQHandler                          build/stm32f0xx_hal_rcc_ex.o
HAL_RCCEx_CRS_SyncOkCallback                      build/stm32f0xx_hal_rcc_ex.o
HAL_RCCEx_CRS_SyncWarnCallback                    build/stm32f0xx_hal_rcc_ex.o
HAL_RCCEx_GetPeriphCLKConfig                      build/stm32f0xx_hal_rcc_ex.o
HAL_RCCEx_GetPeriphCLKFreq                        build/stm32f0xx_hal_rcc_ex.o
HAL_RCCEx_PeriphCLKConfig                         build/stm32f0xx_hal_rcc_ex.o
                                                  build/main.o
HAL_RCC_CSSCallback                               build/stm32f0xx_hal_rcc.o
HAL_RCC_ClockConfig                               build/stm32f0xx_hal_rcc.o
                                                  build/main.o
HAL_RCC_DeInit                                    build/stm32f0xx_hal_rcc.o
HAL_RCC_DisableCSS                                build/stm32f0xx_hal_rcc.o
HAL_RCC_EnableCSS                                 build/stm32f0xx_hal_rcc.o
HAL_RCC_GetClockConfig                            build/stm32f0xx_hal_rcc.o
                                                  build/stm32f0xx_hal_timebase_tim.o
HAL_RCC_GetHCLKFreq                               build/stm32f0xx_hal_rcc.o
                                                  build/stm32f0xx_hal.o
HAL_RCC_GetOscConfig                              build/stm32f0xx_hal_rcc.o
HAL_RCC_GetPCLK1Freq                              build/stm32f0xx_hal_rcc.o
                                                  build/stm32f0xx_hal_rcc_ex.o
                                                  build/stm32f0xx_hal_timebase_tim.o
HAL_RCC_GetSysClockFreq                           build/stm32f0xx_hal_rcc.o
                                                  build/stm32f0xx_hal_rcc_ex.o
HAL_RCC_MCOConfig                                 build/stm32f0xx_hal_rcc.o
HAL_RCC_NMI_IRQHandler                            build/stm32f0xx_hal_rcc.o
HAL_RCC_OscConfig                                 build/stm32f0xx_hal_rcc.o
                                                  build/main.o
HAL_ResumeTick                                    build/stm32f0xx_hal_timebase_tim.o
HAL_SYSTICK_CLKSourceConfig                       build/stm32f0xx_hal_cortex.o
HAL_SYSTICK_Callback                              build/stm32f0xx_hal_cortex.o
HAL_SYSTICK_Config                                build/stm32f0xx_hal_cortex.o
                                                  build/stm32f0xx_hal.o
HAL_SYSTICK_IRQHandler                            build/stm32f0xx_hal_cortex.o
HAL_SuspendTick                                   build/stm32f0xx_hal_timebase_tim.o
HAL_TIMEx_BreakCallback                           build/stm32f0xx_hal_tim_ex.o
                                                  build/stm32f0xx_hal_tim.o
HAL_TIMEx_CommutationCallback                     build/stm32f0xx_hal_tim_ex.o
                                                  build/stm32f0xx_hal_tim.o
HAL_TIMEx_ConfigBreakDeadTime                     build/stm32f0xx_hal_tim_ex.o
HAL_TIMEx_ConfigCommutationEvent                  build/stm32f0xx_hal_tim_ex.o
HAL_TIMEx_ConfigCommutationEvent_DMA              build/stm32f0xx_hal_tim_ex.o
HAL_TIMEx_ConfigCommutationEvent_IT               build/stm32f0xx_hal_tim_ex.o
HAL_TIMEx_HallSensor_DeInit                       build/stm32f0xx_hal_tim_ex.o
HAL_TIMEx_HallSensor_GetState                     build/stm32f0xx_hal_tim_ex.o
HAL_TIMEx_HallSensor_Init                         build/stm32f0xx_hal_tim_ex.o
HAL_TIMEx_HallSensor_MspDeInit                    build/stm32f0xx_hal_tim_ex.o
HAL_TIMEx_HallSensor_MspInit                      build/stm32f0xx_hal_tim_ex.o
HAL_TIMEx_HallSensor_Start                        build/stm32f0xx_hal_tim_ex.o
HAL_TIMEx_HallSensor_Start_DMA                    build/stm32f0xx_hal_tim_ex.o
HAL_TIMEx_HallSensor_Start_IT                     build/stm32f0xx_hal_tim_ex.o
HAL_TIMEx_HallSensor_Stop                         build/stm32f0xx_hal_tim_ex.o
HAL_TIMEx_HallSensor_Stop_DMA                     build/stm32f0xx_hal_tim_ex.o
HAL_TIMEx_HallSensor_Stop_IT                      build/stm32f0xx_hal_tim_ex.o
HAL_TIMEx_MasterConfigSynchronization             build/stm32f0xx_hal_tim_ex.o
HAL_TIMEx_OCN_Start                               build/stm32f0xx_hal_tim_ex.o
HAL_TIMEx_OCN_Start_DMA                           build/stm32f0xx_hal_tim_ex.o
HAL_TIMEx_OCN_Start_IT                            build/stm32f0xx_hal_tim_ex.o
HAL_TIMEx_OCN_Stop                                build/stm32f0xx_hal_tim_ex.o
HAL_TIMEx_OCN_Stop_DMA                            build/stm32f0xx_hal_tim_ex.o
HAL_TIMEx_OCN_Stop_IT                             build/stm32f0xx_hal_tim_ex.o
HAL_TIMEx_OnePulseN_Start                         build/stm32f0xx_hal_tim_ex.o
HAL_TIMEx_OnePulseN_Start_IT                      build/stm32f0xx_hal_tim_ex.o
HAL_TIMEx_OnePulseN_Stop                          build/stm32f0xx_hal_tim_ex.o
HAL_TIMEx_OnePulseN_Stop_IT                       build/stm32f0xx_hal_tim_ex.o
HAL_TIMEx_PWMN_Start                              build/stm32f0xx_hal_tim_ex.o
HAL_TIMEx_PWMN_Start_DMA                          build/stm32f0xx_hal_tim_ex.o
HAL_TIMEx_PWMN_Start_IT                           build/stm32f0xx_hal_tim_ex.o
HAL_TIMEx_PWMN_Stop                               build/stm32f0xx_hal_tim_ex.o
HAL_TIMEx_PWMN_Stop_DMA                           build/stm32f0xx_hal_tim_ex.o
HAL_TIMEx_PWMN_Stop_IT                            build/stm32f0xx_hal_tim_ex.o
HAL_TIMEx_RemapConfig                             build/stm32f0xx_hal_tim_ex.o
HAL_TIM_Base_DeInit                               build/stm32f0xx_hal_tim.o
HAL_TIM_Base_GetState                             build/stm32f0xx_hal_tim.o
HAL_TIM_Base_Init                                 build/stm32f0xx_hal_tim.o
                                                  build/stm32f0xx_hal_timebase_tim.o
HAL_TIM_Base_MspDeInit                            build/stm32f0xx_hal_tim.o
HAL_TIM_Base_MspInit                              build/stm32f0xx_hal_tim.o
HAL_TIM_Base_Start                                build/stm32f0xx_hal_tim.o
HAL_TIM_Base_Start_DMA                            build/stm32f0xx_hal_tim.o
HAL_TIM_Base_Start_IT                             build/stm32f0xx_hal_tim.o
                                                  build/stm32f0xx_hal_timebase_tim.o
HAL_TIM_Base_Stop                                 build/stm32f0xx_hal_tim.o
HAL_TIM_Base_Stop_DMA                             build/stm32f0xx_hal_tim.o
HAL_TIM_Base_Stop_IT                              build/stm32f0xx_hal_tim.o
HAL_TIM_ConfigClockSource                         build/stm32f0xx_hal_tim.o
HAL_TIM_ConfigOCrefClear                          build/stm32f0xx_hal_tim.o
HAL_TIM_ConfigTI1Input                            build/stm32f0xx_hal_tim.o
HAL_TIM_DMABurst_MultiReadStart                   build/stm32f0xx_hal_tim.o
HAL_TIM_DMABurst_MultiWriteStart                  build/stm32f0xx_hal_tim.o
HAL_TIM_DMABurst_ReadStart                        build/stm32f0xx_hal_tim.o
HAL_TIM_DMABurst_ReadStop                         build/stm32f0xx_hal_tim.o
HAL_TIM_DMABurst_WriteStart                       build/stm32f0xx_hal_tim.o
HAL_TIM_DMABurst_WriteStop                        build/stm32f0xx_hal_tim.o
HAL_TIM_Encoder_DeInit                            build/stm32f0xx_hal_tim.o
HAL_TIM_Encoder_GetState                          build/stm32f0xx_hal_tim.o
HAL_TIM_Encoder_Init                              build/stm32f0xx_hal_tim.o
HAL_TIM_Encoder_MspDeInit                         build/stm32f0xx_hal_tim.o
HAL_TIM_Encoder_MspInit                           build/stm32f0xx_hal_tim.o
HAL_TIM_Encoder_Start                             build/stm32f0xx_hal_tim.o
HAL_TIM_Encoder_Start_DMA                         build/stm32f0xx_hal_tim.o
HAL_TIM_Encoder_Start_IT                          build/stm32f0xx_hal_tim.o
HAL_TIM_Encoder_Stop                              build/stm32f0xx_hal_tim.o
HAL_TIM_Encoder_Stop_DMA                          build/stm32f0xx_hal_tim.o
HAL_TIM_Encoder_Stop_IT                           build/stm32f0xx_hal_tim.o
HAL_TIM_ErrorCallback                             build/stm32f0xx_hal_tim.o
HAL_TIM_GenerateEvent                             build/stm32f0xx_hal_tim.o
HAL_TIM_IC_CaptureCallback                        build/stm32f0xx_hal_tim.o
HAL_TIM_IC_ConfigChannel                          build/stm32f0xx_hal_tim.o
HAL_TIM_IC_DeInit                                 build/stm32f0xx_hal_tim.o
HAL_TIM_IC_GetState                               build/stm32f0xx_hal_tim.o
HAL_TIM_IC_Init                                   build/stm32f0xx_hal_tim.o
HAL_TIM_IC_MspDeInit                              build/stm32f0xx_hal_tim.o
HAL_TIM_IC_MspInit                                build/stm32f0xx_hal_tim.o
HAL_TIM_IC_Start                                  build/stm32f0xx_hal_tim.o
HAL_TIM_IC_Start_DMA                              build/stm32f0xx_hal_tim.o
HAL_TIM_IC_Start_IT                               build/stm32f0xx_hal_tim.o
HAL_TIM_IC_Stop                                   build/stm32f0xx_hal_tim.o
HAL_TIM_IC_Stop_DMA                               build/stm32f0xx_hal_tim.o
HAL_TIM_IC_Stop_IT                                build/stm32f0xx_hal_tim.o
HAL_TIM_IRQHandler                                build/stm32f0xx_hal_tim.o
                                                  build/stm32f0xx_it.o
HAL_TIM_OC_ConfigChannel                          build/stm32f0xx_hal_tim.o
HAL_TIM_OC_DeInit                                 build/stm32f0xx_hal_tim.o
HAL_TIM_OC_DelayElapsedCallback                   build/stm32f0xx_hal_tim.o
HAL_TIM_OC_GetState                               build/stm32f0xx_hal_tim.o
HAL_TIM_OC_Init                                   build/stm32f0xx_hal_tim.o
HAL_TIM_OC_MspDeInit                              build/stm32f0xx_hal_tim.o
HAL_TIM_OC_MspInit                                build/stm32f0xx_hal_tim.o
HAL_TIM_OC_Start                                  build/stm32f0xx_hal_tim.o
HAL_TIM_OC_Start_DMA                              build/stm32f0xx_hal_tim.o
HAL_TIM_OC_Start_IT                               build/stm32f0xx_hal_tim.o
HAL_TIM_OC_Stop                                   build/stm32f0xx_hal_tim.o
HAL_TIM_OC_Stop_DMA                               build/stm32f0xx_hal_tim.o
HAL_TIM_OC_Stop_IT                                build/stm32f0xx_hal_tim.o
HAL_TIM_OnePulse_ConfigChannel                    build/stm32f0xx_hal_tim.o
HAL_TIM_OnePulse_DeInit                           build/stm32f0xx_hal_tim.o
HAL_TIM_OnePulse_GetState                         build/stm32f0xx_hal_tim.o
HAL_TIM_OnePulse_Init                             build/stm32f0xx_hal_tim.o
HAL_TIM_OnePulse_MspDeInit                        build/stm32f0xx_hal_tim.o
HAL_TIM_OnePulse_MspInit                          build/stm32f0xx_hal_tim.o
HAL_TIM_OnePulse_Start                            build/stm32f0xx_hal_tim.o
HAL_TIM_OnePulse_Start_IT                         build/stm32f0xx_hal_tim.o
HAL_TIM_OnePulse_Stop                             build/stm32f0xx_hal_tim.o
HAL_TIM_OnePulse_Stop_IT                          build/stm32f0xx_hal_tim.o
HAL_TIM_PWM_ConfigChannel                         build/stm32f0xx_hal_tim.o
HAL_TIM_PWM_DeInit                                build/stm32f0xx_hal_tim.o
HAL_TIM_PWM_GetState                              build/stm32f0xx_hal_tim.o
HAL_TIM_PWM_Init                                  build/stm32f0xx_hal_tim.o
HAL_TIM_PWM_MspDeInit                             build/stm32f0xx_hal_tim.o
HAL_TIM_PWM_MspInit                               build/stm32f0xx_hal_tim.o
HAL_TIM_PWM_PulseFinishedCallback                 build/stm32f0xx_hal_tim.o
HAL_TIM_PWM_Start                                 build/stm32f0xx_hal_tim.o
HAL_TIM_PWM_Start_DMA                             build/stm32f0xx_hal_tim.o
HAL_TIM_PWM_Start_IT                              build/stm32f0xx_hal_tim.o
HAL_TIM_PWM_Stop                                  build/stm32f0xx_hal_tim.o
HAL_TIM_PWM_Stop_DMA                              build/stm32f0xx_hal_tim.o
HAL_TIM_PWM_Stop_IT                               build/stm32f0xx_hal_tim.o
HAL_TIM_PeriodElapsedCallback                     build/main.o
HAL_TIM_ReadCapturedValue                         build/stm32f0xx_hal_tim.o
HAL_TIM_SlaveConfigSynchronization                build/stm32f0xx_hal_tim.o
HAL_TIM_SlaveConfigSynchronization_IT             build/stm32f0xx_hal_tim.o
HAL_TIM_TriggerCallback                           build/stm32f0xx_hal_tim.o
HardFault_Handler                                 build/stm32f0xx_it.o
I2C1_IRQHandler                                   build/startup_stm32f042x6.o
MX_USB_DEVICE_Init                                build/usb_device.o
                                                  build/main.o
NMI_Handler                                       build/stm32f0xx_it.o
PCD_ReadPMA                                       build/stm32f0xx_hal_pcd.o
PCD_WritePMA                                      build/stm32f0xx_hal_pcd.o
PVD_VDDIO2_IRQHandler                             build/startup_stm32f042x6.o
PendSV_Handler                                    build/stm32f0xx_it.o
RCC_CRS_IRQHandler                                build/startup_stm32f042x6.o
RTC_IRQHandler                                    build/startup_stm32f042x6.o
Reset_Handler                                     build/startup_stm32f042x6.o
SPI1_IRQHandler                                   build/startup_stm32f042x6.o
SPI2_IRQHandler                                   build/startup_stm32f042x6.o
SVC_Handler                                       build/stm32f0xx_it.o
SysTick_Handler                                   build/startup_stm32f042x6.o
SystemClock_Config                                build/main.o
                                                  build/usbd_conf.o
SystemCoreClock                                   build/system_stm32f0xx.o
                                                  build/stm32f0xx_hal_rcc.o
SystemCoreClockUpdate                             build/system_stm32f0xx.o
SystemInit                                        build/system_stm32f0xx.o
                                                  build/startup_stm32f042x6.o
TIM14_IRQHandler                                  build/startup_stm32f042x6.o
TIM16_IRQHandler                                  build/startup_stm32f042x6.o
TIM17_IRQHandler                                  build/startup_stm32f042x6.o
TIM1_BRK_UP_TRG_COM_IRQHandler                    build/stm32f0xx_it.o
TIM1_CC_IRQHandler                                build/startup_stm32f042x6.o
TIM2_IRQHandler                                   build/startup_stm32f042x6.o
TIM3_IRQHandler                                   build/startup_stm32f042x6.o
TIMEx_DMACommutationCplt                          build/stm32f0xx_hal_tim_ex.o
                                                  build/stm32f0xx_hal_tim.o
TIM_Base_SetConfig                                build/stm32f0xx_hal_tim.o
                                                  build/stm32f0xx_hal_tim_ex.o
TIM_CCxChannelCmd                                 build/stm32f0xx_hal_tim.o
                                                  build/stm32f0xx_hal_tim_ex.o
TIM_DMACaptureCplt                                build/stm32f0xx_hal_tim.o
                                                  build/stm32f0xx_hal_tim_ex.o
TIM_DMADelayPulseCplt                             build/stm32f0xx_hal_tim.o
                                                  build/stm32f0xx_hal_tim_ex.o
TIM_DMAError                                      build/stm32f0xx_hal_tim.o
                                                  build/stm32f0xx_hal_tim_ex.o
TIM_ETR_SetConfig                                 build/stm32f0xx_hal_tim.o
TIM_OC2_SetConfig                                 build/stm32f0xx_hal_tim.o
                                                  build/stm32f0xx_hal_tim_ex.o
TIM_TI1_SetConfig                                 build/stm32f0xx_hal_tim.o
                                                  build/stm32f0xx_hal_tim_ex.o
TSC_IRQHandler                                    build/startup_stm32f042x6.o
USART1_IRQHandler                                 build/startup_stm32f042x6.o
USART2_IRQHandler                                 build/startup_stm32f042x6.o
USBD_ClrClassConfig                               build/usbd_core.o
                                                  build/usbd_ctlreq.o
USBD_CtlContinueRx                                build/usbd_ioreq.o
                                                  build/usbd_core.o
USBD_CtlContinueSendData                          build/usbd_ioreq.o
                                                  build/usbd_core.o
USBD_CtlError                                     build/usbd_ctlreq.o
                                                  build/usbd_hid.o
USBD_CtlPrepareRx                                 build/usbd_ioreq.o
USBD_CtlReceiveStatus                             build/usbd_ioreq.o
                                                  build/usbd_core.o
USBD_CtlSendData                                  build/usbd_ioreq.o
                                                  build/usbd_hid.o
                                                  build/usbd_ctlreq.o
USBD_CtlSendStatus                                build/usbd_ioreq.o
                                                  build/usbd_ctlreq.o
                                                  build/usbd_core.o
USBD_DeInit                                       build/usbd_core.o
USBD_FS_ConfigStrDescriptor                       build/usbd_desc.o
USBD_FS_DeviceDesc                                build/usbd_desc.o
USBD_FS_DeviceDescriptor                          build/usbd_desc.o
USBD_FS_InterfaceStrDescriptor                    build/usbd_desc.o
USBD_FS_LangIDStrDescriptor                       build/usbd_desc.o
USBD_FS_ManufacturerStrDescriptor                 build/usbd_desc.o
USBD_FS_ProductStrDescriptor                      build/usbd_desc.o
USBD_FS_SerialStrDescriptor                       build/usbd_desc.o
USBD_GetRxCount                                   build/usbd_ioreq.o
USBD_GetString                                    build/usbd_ctlreq.o
                                                  build/usbd_desc.o
USBD_HID                                          build/usbd_hid.o
                                                  build/usb_device.o
USBD_HID_GetPollingInterval                       build/usbd_hid.o
USBD_HID_SendReport                               build/usbd_hid.o
                                                  build/main.o
USBD_Init                                         build/usbd_core.o
                                                  build/usb_device.o
USBD_LL_ClearStallEP                              build/usbd_conf.o
                                                  build/usbd_ctlreq.o
USBD_LL_CloseEP                                   build/usbd_conf.o
                                                  build/usbd_hid.o
USBD_LL_DataInStage                               build/usbd_core.o
                                                  build/usbd_conf.o
USBD_LL_DataOutStage                              build/usbd_core.o
                                                  build/usbd_conf.o
USBD_LL_DeInit                                    build/usbd_conf.o
                                                  build/usbd_core.o
USBD_LL_Delay                                     build/usbd_conf.o
USBD_LL_DevConnected                              build/usbd_core.o
                                                  build/usbd_conf.o
USBD_LL_DevDisconnected                           build/usbd_core.o
                                                  build/usbd_conf.o
USBD_LL_FlushEP                                   build/usbd_conf.o
USBD_LL_GetRxDataSize                             build/usbd_conf.o
                                                  build/usbd_ioreq.o
USBD_LL_Init                                      build/usbd_conf.o
                                                  build/usbd_core.o
USBD_LL_IsStallEP                                 build/usbd_conf.o
                                                  build/usbd_ctlreq.o
USBD_LL_IsoINIncomplete                           build/usbd_core.o
                                                  build/usbd_conf.o
USBD_LL_IsoOUTIncomplete                          build/usbd_core.o
                                                  build/usbd_conf.o
USBD_LL_OpenEP                                    build/usbd_conf.o
                                                  build/usbd_hid.o
                                                  build/usbd_core.o
USBD_LL_PrepareReceive                            build/usbd_conf.o
                                                  build/usbd_ioreq.o
                                                  build/usbd_core.o
USBD_LL_Reset                                     build/usbd_core.o
                                                  build/usbd_conf.o
USBD_LL_Resume                                    build/usbd_core.o
                                                  build/usbd_conf.o
USBD_LL_SOF                                       build/usbd_core.o
                                                  build/usbd_conf.o
USBD_LL_SetSpeed                                  build/usbd_core.o
                                                  build/usbd_conf.o
USBD_LL_SetUSBAddress                             build/usbd_conf.o
                                                  build/usbd_ctlreq.o
USBD_LL_SetupStage                                build/usbd_core.o
                                                  build/usbd_conf.o
USBD_LL_StallEP                                   build/usbd_conf.o
                                                  build/usbd_ctlreq.o
                                                  build/usbd_core.o
USBD_LL_Start                                     build/usbd_conf.o
                                                  build/usbd_core.o
USBD_LL_Stop                                      build/usbd_conf.o
                                                  build/usbd_core.o
USBD_LL_Suspend                                   build/usbd_core.o
                                                  build/usbd_conf.o
USBD_LL_Transmit                                  build/usbd_conf.o
                                                  build/usbd_hid.o
                                                  build/usbd_ioreq.o
USBD_LangIDDesc                                   build/usbd_desc.o
USBD_ParseSetupRequest                            build/usbd_ctlreq.o
                                                  build/usbd_core.o
USBD_RegisterClass                                build/usbd_core.o
                                                  build/usb_device.o
USBD_RunTestMode                                  build/usbd_core.o
USBD_SetClassConfig                               build/usbd_core.o
                                                  build/usbd_ctlreq.o
USBD_Start                                        build/usbd_core.o
                                                  build/usb_device.o
USBD_StdDevReq                                    build/usbd_ctlreq.o
                                                  build/usbd_core.o
USBD_StdEPReq                                     build/usbd_ctlreq.o